[
    Statement {
        id: 2,
        kind: FullOpeningTag(
            FullOpeningTagStatement {
                id: 1,
                span: Span {
                    start: 0,
                    end: 5,
                },
            },
        ),
        span: Span {
            start: 0,
            end: 5,
        },
        comments: CommentGroup {
            comments: [],
        },
    },
    Statement {
        id: 7,
        kind: Use(
            UseStatement {
                id: 6,
                span: Span {
                    start: 7,
                    end: 19,
                },
                kind: Normal,
                uses: [
                    Use {
                        id: 5,
                        span: Span {
                            start: 11,
                            end: 18,
                        },
                        name: Name {
                            id: 4,
                            kind: Resolved(
                                ResolvedName {
                                    id: 4,
                                    span: Span {
                                        start: 11,
                                        end: 18,
                                    },
                                    resolved: "Foo\Bar",
                                    original: "Foo\Bar",
                                },
                            ),
                            span: Span {
                                start: 11,
                                end: 18,
                            },
                        },
                        alias: None,
                        kind: None,
                    },
                ],
            },
        ),
        span: Span {
            start: 7,
            end: 19,
        },
        comments: CommentGroup {
            comments: [],
        },
    },
    Statement {
        id: 15,
        kind: Class(
            ClassStatement {
                id: 14,
                span: Span {
                    start: 28,
                    end: 40,
                },
                attributes: [
                    AttributeGroup {
                        id: 10,
                        span: Span {
                            start: 21,
                            end: 27,
                        },
                        members: [
                            Attribute {
                                id: 9,
                                span: Span {
                                    start: 23,
                                    end: 27,
                                },
                                name: Name {
                                    id: 8,
                                    kind: Resolved(
                                        ResolvedName {
                                            id: 8,
                                            span: Span {
                                                start: 23,
                                                end: 26,
                                            },
                                            resolved: "Foo\Bar",
                                            original: "Bar",
                                        },
                                    ),
                                    span: Span {
                                        start: 23,
                                        end: 26,
                                    },
                                },
                                arguments: None,
                            },
                        ],
                    },
                ],
                modifiers: ClassModifierGroup {
                    id: 11,
                    span: Span {
                        start: 0,
                        end: 0,
                    },
                    modifiers: [],
                },
                class: Span {
                    start: 28,
                    end: 33,
                },
                name: Name {
                    id: 12,
                    kind: Resolved(
                        ResolvedName {
                            id: 12,
                            span: Span {
                                start: 34,
                                end: 37,
                            },
                            resolved: "Foo",
                            original: "Foo",
                        },
                    ),
                    span: Span {
                        start: 34,
                        end: 37,
                    },
                },
                extends: None,
                implements: None,
                body: ClassBody {
                    id: 13,
                    span: Span {
                        start: 38,
                        end: 40,
                    },
                    left_brace: Span {
                        start: 38,
                        end: 39,
                    },
                    members: [],
                    right_brace: Span {
                        start: 39,
                        end: 40,
                    },
                },
            },
        ),
        span: Span {
            start: 28,
            end: 40,
        },
        comments: CommentGroup {
            comments: [],
        },
    },
]
---
