[
    Statement {
        id: 2,
        kind: FullOpeningTag(
            FullOpeningTagStatement {
                id: 1,
                span: Span {
                    start: 0,
                    end: 5,
                },
            },
        ),
        span: Span {
            start: 0,
            end: 5,
        },
        comments: CommentGroup {
            comments: [],
        },
    },
    Statement {
        id: 11,
        kind: Expression(
            ExpressionStatement {
                id: 10,
                span: Span {
                    start: 14,
                    end: 16,
                },
                expression: Expression {
                    id: 9,
                    kind: AssignmentOperation(
                        AssignmentOperationExpression {
                            id: 7,
                            span: Span {
                                start: 7,
                                end: 15,
                            },
                            kind: LeftShift {
                                id: 8,
                                left: Expression {
                                    id: 3,
                                    kind: Variable(
                                        SimpleVariable(
                                            SimpleVariable {
                                                id: 4,
                                                symbol: "$a",
                                                stripped: "a",
                                                span: Span {
                                                    start: 7,
                                                    end: 9,
                                                },
                                            },
                                        ),
                                    ),
                                    span: Span {
                                        start: 7,
                                        end: 9,
                                    },
                                    comments: CommentGroup {
                                        comments: [],
                                    },
                                },
                                left_shift_equals: Span {
                                    start: 10,
                                    end: 13,
                                },
                                right: Expression {
                                    id: 5,
                                    kind: Literal(
                                        Literal {
                                            id: 6,
                                            span: Span {
                                                start: 14,
                                                end: 15,
                                            },
                                            kind: Integer,
                                            token: Token {
                                                kind: LiteralInteger,
                                                span: Span {
                                                    start: 14,
                                                    end: 15,
                                                },
                                                symbol: Some(
                                                    "1",
                                                ),
                                            },
                                        },
                                    ),
                                    span: Span {
                                        start: 14,
                                        end: 15,
                                    },
                                    comments: CommentGroup {
                                        comments: [],
                                    },
                                },
                            },
                        },
                    ),
                    span: Span {
                        start: 14,
                        end: 15,
                    },
                    comments: CommentGroup {
                        comments: [],
                    },
                },
                ending: Semicolon(
                    Span {
                        start: 15,
                        end: 16,
                    },
                ),
            },
        ),
        span: Span {
            start: 14,
            end: 16,
        },
        comments: CommentGroup {
            comments: [],
        },
    },
]
---
