[
    Statement {
        id: 2,
        kind: FullOpeningTag(
            FullOpeningTagStatement {
                id: 1,
                span: Span {
                    start: 0,
                    end: 5,
                },
            },
        ),
        span: Span {
            start: 0,
            end: 5,
        },
        comments: CommentGroup {
            comments: [],
        },
    },
    Statement {
        id: 6,
        kind: Expression(
            ExpressionStatement {
                id: 5,
                span: Span {
                    start: 7,
                    end: 12,
                },
                expression: Expression {
                    id: 3,
                    kind: Bool(
                        BoolExpression {
                            id: 4,
                            span: Span {
                                start: 7,
                                end: 11,
                            },
                            value: Token {
                                kind: True,
                                span: Span {
                                    start: 7,
                                    end: 11,
                                },
                                symbol: Some(
                                    "true",
                                ),
                            },
                        },
                    ),
                    span: Span {
                        start: 7,
                        end: 11,
                    },
                    comments: CommentGroup {
                        comments: [],
                    },
                },
                ending: Semicolon(
                    Span {
                        start: 11,
                        end: 12,
                    },
                ),
            },
        ),
        span: Span {
            start: 7,
            end: 12,
        },
        comments: CommentGroup {
            comments: [],
        },
    },
    Statement {
        id: 10,
        kind: Expression(
            ExpressionStatement {
                id: 9,
                span: Span {
                    start: 13,
                    end: 19,
                },
                expression: Expression {
                    id: 7,
                    kind: Bool(
                        BoolExpression {
                            id: 8,
                            span: Span {
                                start: 13,
                                end: 18,
                            },
                            value: Token {
                                kind: False,
                                span: Span {
                                    start: 13,
                                    end: 18,
                                },
                                symbol: Some(
                                    "false",
                                ),
                            },
                        },
                    ),
                    span: Span {
                        start: 13,
                        end: 18,
                    },
                    comments: CommentGroup {
                        comments: [],
                    },
                },
                ending: Semicolon(
                    Span {
                        start: 18,
                        end: 19,
                    },
                ),
            },
        ),
        span: Span {
            start: 13,
            end: 19,
        },
        comments: CommentGroup {
            comments: [],
        },
    },
]
---
