[
    Statement {
        id: 2,
        kind: FullOpeningTag(
            FullOpeningTagStatement {
                span: Span {
                    start: Position {
                        offset: 0,
                        line: 1,
                        column: 0,
                    },
                    end: Position {
                        offset: 5,
                        line: 1,
                        column: 5,
                    },
                },
            },
        ),
        span: Span {
            start: Position {
                offset: 0,
                line: 1,
                column: 0,
            },
            end: Position {
                offset: 5,
                line: 1,
                column: 5,
            },
        },
        comments: CommentGroup {
            comments: [],
        },
    },
    Statement {
        id: 4,
        kind: Namespace(
            Braced(
                BracedNamespace {
                    namespace: Span {
                        start: Position {
                            offset: 7,
                            line: 3,
                            column: 1,
                        },
                        end: Position {
                            offset: 16,
                            line: 3,
                            column: 10,
                        },
                    },
                    name: Some(
                        SimpleIdentifier {
                            id: 3,
                            symbol: Symbol("Foo"),
                            parts: [
                                Symbol("Foo"),
                            ],
                            qualification: Unqualified,
                            span: Span {
                                start: Position {
                                    offset: 17,
                                    line: 3,
                                    column: 11,
                                },
                                end: Position {
                                    offset: 20,
                                    line: 3,
                                    column: 14,
                                },
                            },
                        },
                    ),
                    body: BracedNamespaceBody {
                        start: Span {
                            start: Position {
                                offset: 21,
                                line: 3,
                                column: 15,
                            },
                            end: Position {
                                offset: 22,
                                line: 3,
                                column: 16,
                            },
                        },
                        end: Span {
                            start: Position {
                                offset: 28,
                                line: 5,
                                column: 1,
                            },
                            end: Position {
                                offset: 29,
                                line: 5,
                                column: 2,
                            },
                        },
                        statements: [],
                    },
                },
            ),
        ),
        span: Span {
            start: Position {
                offset: 7,
                line: 3,
                column: 1,
            },
            end: Position {
                offset: 29,
                line: 5,
                column: 2,
            },
        },
        comments: CommentGroup {
            comments: [],
        },
    },
]
---
