[
    Statement {
        kind: FullOpeningTag(
            FullOpeningTagStatement {
                span: Span {
                    start: 0,
                    end: 5,
                },
            },
        ),
        span: Span {
            start: 0,
            end: 5,
        },
        comments: CommentGroup {
            comments: [],
        },
    },
    Statement {
        kind: Class(
            ClassStatement {
                attributes: [],
                modifiers: ClassModifierGroup {
                    modifiers: [],
                },
                class: Span {
                    start: 7,
                    end: 12,
                },
                name: Name {
                    kind: Resolved(
                        ResolvedName {
                            resolved: Symbol("Foo"),
                            original: Symbol("Foo"),
                        },
                    ),
                    span: Span {
                        start: 13,
                        end: 16,
                    },
                },
                extends: None,
                implements: None,
                body: ClassBody {
                    left_brace: Span {
                        start: 17,
                        end: 18,
                    },
                    members: [
                        Property(
                            Property {
                                attributes: [],
                                modifiers: PropertyModifierGroup {
                                    modifiers: [
                                        Static(
                                            Span {
                                                start: 23,
                                                end: 29,
                                            },
                                        ),
                                    ],
                                },
                                type: None,
                                entries: [
                                    Uninitialized {
                                        variable: SimpleVariable {
                                            symbol: Symbol("$a"),
                                            stripped: Symbol("a"),
                                            span: Span {
                                                start: 30,
                                                end: 32,
                                            },
                                        },
                                    },
                                ],
                                end: Span {
                                    start: 32,
                                    end: 33,
                                },
                            },
                        ),
                        Property(
                            Property {
                                attributes: [],
                                modifiers: PropertyModifierGroup {
                                    modifiers: [
                                        Public(
                                            Span {
                                                start: 38,
                                                end: 44,
                                            },
                                        ),
                                        Static(
                                            Span {
                                                start: 45,
                                                end: 51,
                                            },
                                        ),
                                    ],
                                },
                                type: None,
                                entries: [
                                    Uninitialized {
                                        variable: SimpleVariable {
                                            symbol: Symbol("$b"),
                                            stripped: Symbol("b"),
                                            span: Span {
                                                start: 52,
                                                end: 54,
                                            },
                                        },
                                    },
                                ],
                                end: Span {
                                    start: 54,
                                    end: 55,
                                },
                            },
                        ),
                        Property(
                            Property {
                                attributes: [],
                                modifiers: PropertyModifierGroup {
                                    modifiers: [
                                        Protected(
                                            Span {
                                                start: 60,
                                                end: 69,
                                            },
                                        ),
                                        Static(
                                            Span {
                                                start: 70,
                                                end: 76,
                                            },
                                        ),
                                    ],
                                },
                                type: None,
                                entries: [
                                    Uninitialized {
                                        variable: SimpleVariable {
                                            symbol: Symbol("$c"),
                                            stripped: Symbol("c"),
                                            span: Span {
                                                start: 77,
                                                end: 79,
                                            },
                                        },
                                    },
                                ],
                                end: Span {
                                    start: 79,
                                    end: 80,
                                },
                            },
                        ),
                        Property(
                            Property {
                                attributes: [],
                                modifiers: PropertyModifierGroup {
                                    modifiers: [
                                        Private(
                                            Span {
                                                start: 85,
                                                end: 92,
                                            },
                                        ),
                                        Static(
                                            Span {
                                                start: 93,
                                                end: 99,
                                            },
                                        ),
                                    ],
                                },
                                type: None,
                                entries: [
                                    Uninitialized {
                                        variable: SimpleVariable {
                                            symbol: Symbol("$d"),
                                            stripped: Symbol("d"),
                                            span: Span {
                                                start: 100,
                                                end: 102,
                                            },
                                        },
                                    },
                                ],
                                end: Span {
                                    start: 102,
                                    end: 103,
                                },
                            },
                        ),
                    ],
                    right_brace: Span {
                        start: 104,
                        end: 105,
                    },
                },
            },
        ),
        span: Span {
            start: 7,
            end: 105,
        },
        comments: CommentGroup {
            comments: [],
        },
    },
]
---
