[
    Statement {
        kind: FullOpeningTag(
            FullOpeningTagStatement {
                span: Span {
                    start: 0,
                    end: 5,
                },
            },
        ),
        span: Span {
            start: 0,
            end: 5,
        },
        comments: CommentGroup {
            comments: [],
        },
    },
    Statement {
        kind: Class(
            ClassStatement {
                attributes: [],
                modifiers: ClassModifierGroup {
                    modifiers: [],
                },
                class: Span {
                    start: 7,
                    end: 12,
                },
                name: Name {
                    kind: Resolved(
                        ResolvedName {
                            resolved: Symbol("Foo"),
                            original: Symbol("Foo"),
                        },
                    ),
                    span: Span {
                        start: 13,
                        end: 16,
                    },
                },
                extends: Some(
                    ClassExtends {
                        extends: Span {
                            start: 17,
                            end: 24,
                        },
                        parent: Name {
                            kind: Resolved(
                                ResolvedName {
                                    resolved: Symbol("Bar"),
                                    original: Symbol("Bar"),
                                },
                            ),
                            span: Span {
                                start: 25,
                                end: 28,
                            },
                        },
                    },
                ),
                implements: None,
                body: ClassBody {
                    left_brace: Span {
                        start: 29,
                        end: 30,
                    },
                    members: [],
                    right_brace: Span {
                        start: 30,
                        end: 31,
                    },
                },
            },
        ),
        span: Span {
            start: 7,
            end: 31,
        },
        comments: CommentGroup {
            comments: [],
        },
    },
]
---
