[
    Statement {
        id: 2,
        kind: FullOpeningTag(
            FullOpeningTagStatement {
                span: Span {
                    start: Position {
                        offset: 0,
                        line: 1,
                        column: 0,
                    },
                    end: Position {
                        offset: 5,
                        line: 1,
                        column: 5,
                    },
                },
            },
        ),
        span: Span {
            start: Position {
                offset: 0,
                line: 1,
                column: 0,
            },
            end: Position {
                offset: 5,
                line: 1,
                column: 5,
            },
        },
        comments: CommentGroup {
            comments: [],
        },
    },
    Statement {
        id: 5,
        kind: Echo(
            EchoStatement {
                echo: Span {
                    start: Position {
                        offset: 7,
                        line: 3,
                        column: 1,
                    },
                    end: Position {
                        offset: 11,
                        line: 3,
                        column: 5,
                    },
                },
                values: [
                    Expression {
                        id: 3,
                        kind: Literal(
                            Literal {
                                kind: String,
                                token: Token {
                                    kind: LiteralDoubleQuotedString,
                                    span: Span {
                                        start: Position {
                                            offset: 13,
                                            line: 3,
                                            column: 7,
                                        },
                                        end: Position {
                                            offset: 26,
                                            line: 3,
                                            column: 20,
                                        },
                                    },
                                    symbol: Some(
                                        Symbol("Hello, world""),
                                    ),
                                },
                            },
                        ),
                        span: Span {
                            start: Position {
                                offset: 13,
                                line: 3,
                                column: 7,
                            },
                            end: Position {
                                offset: 26,
                                line: 3,
                                column: 20,
                            },
                        },
                        comments: CommentGroup {
                            comments: [],
                        },
                    },
                    Expression {
                        id: 4,
                        kind: Missing,
                        span: Span {
                            start: Position {
                                offset: 27,
                                line: 3,
                                column: 21,
                            },
                            end: Position {
                                offset: 28,
                                line: 3,
                                column: 22,
                            },
                        },
                        comments: CommentGroup {
                            comments: [],
                        },
                    },
                ],
                ending: Missing(
                    Span {
                        start: Position {
                            offset: 27,
                            line: 3,
                            column: 21,
                        },
                        end: Position {
                            offset: 28,
                            line: 3,
                            column: 22,
                        },
                    },
                ),
            },
        ),
        span: Span {
            start: Position {
                offset: 7,
                line: 3,
                column: 1,
            },
            end: Position {
                offset: 28,
                line: 3,
                column: 22,
            },
        },
        comments: CommentGroup {
            comments: [],
        },
    },
]
---
[error] unexpected token: ; on line 3
[error] unexpected end of file on line 3