[
    Statement {
        id: 2,
        kind: FullOpeningTag(
            FullOpeningTagStatement {
                id: 1,
                span: Span {
                    start: 0,
                    end: 5,
                },
            },
        ),
        span: Span {
            start: 0,
            end: 5,
        },
        comments: CommentGroup {
            comments: [],
        },
    },
    Statement {
        id: 6,
        kind: Expression(
            ExpressionStatement {
                id: 5,
                span: Span {
                    start: 7,
                    end: 19,
                },
                expression: Expression {
                    id: 3,
                    kind: Heredoc(
                        HeredocExpression {
                            id: 4,
                            span: Span {
                                start: 7,
                                end: 18,
                            },
                            label: "<<<TXT\n",
                            parts: [],
                        },
                    ),
                    span: Span {
                        start: 7,
                        end: 18,
                    },
                    comments: CommentGroup {
                        comments: [],
                    },
                },
                ending: Semicolon(
                    Span {
                        start: 18,
                        end: 19,
                    },
                ),
            },
        ),
        span: Span {
            start: 7,
            end: 19,
        },
        comments: CommentGroup {
            comments: [],
        },
    },
]
---
