[
    Statement {
        kind: FullOpeningTag(
            FullOpeningTagStatement {
                span: Span {
                    start: 0,
                    end: 5,
                },
            },
        ),
        span: Span {
            start: 0,
            end: 5,
        },
        comments: CommentGroup {
            comments: [],
        },
    },
    Statement {
        kind: If(
            IfStatement {
                if: Span {
                    start: 7,
                    end: 9,
                },
                left_parenthesis: Span {
                    start: 10,
                    end: 11,
                },
                condition: Expression {
                    kind: Variable(
                        SimpleVariable(
                            SimpleVariable {
                                symbol: Symbol("$a"),
                                stripped: Symbol("a"),
                                span: Span {
                                    start: 11,
                                    end: 13,
                                },
                            },
                        ),
                    ),
                    span: Span {
                        start: 11,
                        end: 13,
                    },
                    comments: CommentGroup {
                        comments: [],
                    },
                },
                right_parenthesis: Span {
                    start: 13,
                    end: 14,
                },
                body: Statement {
                    statement: Statement {
                        kind: Block(
                            BlockStatement {
                                left_brace: Span {
                                    start: 15,
                                    end: 16,
                                },
                                statements: [],
                                right_brace: Span {
                                    start: 18,
                                    end: 19,
                                },
                            },
                        ),
                        span: Span {
                            start: 15,
                            end: 19,
                        },
                        comments: CommentGroup {
                            comments: [],
                        },
                    },
                    elseifs: [
                        IfStatementElseIf {
                            elseif: Span {
                                start: 20,
                                end: 26,
                            },
                            left_parenthesis: Span {
                                start: 27,
                                end: 28,
                            },
                            condition: Expression {
                                kind: Variable(
                                    SimpleVariable(
                                        SimpleVariable {
                                            symbol: Symbol("$b"),
                                            stripped: Symbol("b"),
                                            span: Span {
                                                start: 28,
                                                end: 30,
                                            },
                                        },
                                    ),
                                ),
                                span: Span {
                                    start: 28,
                                    end: 30,
                                },
                                comments: CommentGroup {
                                    comments: [],
                                },
                            },
                            right_parenthesis: Span {
                                start: 30,
                                end: 31,
                            },
                            statement: Statement {
                                kind: Block(
                                    BlockStatement {
                                        left_brace: Span {
                                            start: 32,
                                            end: 33,
                                        },
                                        statements: [],
                                        right_brace: Span {
                                            start: 39,
                                            end: 40,
                                        },
                                    },
                                ),
                                span: Span {
                                    start: 32,
                                    end: 40,
                                },
                                comments: CommentGroup {
                                    comments: [],
                                },
                            },
                        },
                    ],
                    else: None,
                },
            },
        ),
        span: Span {
            start: 7,
            end: 40,
        },
        comments: CommentGroup {
            comments: [],
        },
    },
]
---
