[
    Statement {
        id: 2,
        kind: FullOpeningTag(
            FullOpeningTagStatement {
                id: 1,
                span: Span {
                    start: 0,
                    end: 5,
                },
            },
        ),
        span: Span {
            start: 0,
            end: 5,
        },
        comments: CommentGroup {
            comments: [],
        },
    },
    Statement {
        id: 9,
        kind: Expression(
            ExpressionStatement {
                id: 8,
                span: Span {
                    start: 7,
                    end: 16,
                },
                expression: Expression {
                    id: 7,
                    kind: Array(
                        ArrayExpression {
                            id: 6,
                            span: Span {
                                start: 7,
                                end: 15,
                            },
                            array: Span {
                                start: 7,
                                end: 12,
                            },
                            start: Span {
                                start: 12,
                                end: 13,
                            },
                            items: CommaSeparated {
                                inner: [
                                    Value(
                                        ArrayItemValue {
                                            id: 5,
                                            span: Span {
                                                start: 13,
                                                end: 14,
                                            },
                                            value: Expression {
                                                id: 3,
                                                kind: Literal(
                                                    Literal {
                                                        id: 4,
                                                        span: Span {
                                                            start: 13,
                                                            end: 14,
                                                        },
                                                        kind: Integer,
                                                        token: Token {
                                                            kind: LiteralInteger,
                                                            span: Span {
                                                                start: 13,
                                                                end: 14,
                                                            },
                                                            symbol: Some(
                                                                "1",
                                                            ),
                                                        },
                                                    },
                                                ),
                                                span: Span {
                                                    start: 13,
                                                    end: 14,
                                                },
                                                comments: CommentGroup {
                                                    comments: [],
                                                },
                                            },
                                        },
                                    ),
                                ],
                                commas: [],
                            },
                            end: Span {
                                start: 14,
                                end: 15,
                            },
                        },
                    ),
                    span: Span {
                        start: 7,
                        end: 15,
                    },
                    comments: CommentGroup {
                        comments: [],
                    },
                },
                ending: Semicolon(
                    Span {
                        start: 15,
                        end: 16,
                    },
                ),
            },
        ),
        span: Span {
            start: 7,
            end: 16,
        },
        comments: CommentGroup {
            comments: [],
        },
    },
]
---
