[
    Statement {
        kind: FullOpeningTag(
            FullOpeningTagStatement {
                span: Span {
                    start: 0,
                    end: 5,
                },
            },
        ),
        span: Span {
            start: 0,
            end: 5,
        },
        comments: CommentGroup {
            comments: [],
        },
    },
    Statement {
        kind: Expression(
            ExpressionStatement {
                span: Span {
                    start: 14,
                    end: 17,
                },
                expression: Expression {
                    kind: LogicalOperation(
                        LogicalOperationExpression {
                            span: Span {
                                start: 7,
                                end: 16,
                            },
                            kind: LogicalXor {
                                left: Expression {
                                    kind: Variable(
                                        SimpleVariable(
                                            SimpleVariable {
                                                symbol: Symbol("$a"),
                                                stripped: Symbol("a"),
                                                span: Span {
                                                    start: 7,
                                                    end: 9,
                                                },
                                            },
                                        ),
                                    ),
                                    span: Span {
                                        start: 7,
                                        end: 9,
                                    },
                                    comments: CommentGroup {
                                        comments: [],
                                    },
                                },
                                xor: Span {
                                    start: 10,
                                    end: 13,
                                },
                                right: Expression {
                                    kind: Variable(
                                        SimpleVariable(
                                            SimpleVariable {
                                                symbol: Symbol("$b"),
                                                stripped: Symbol("b"),
                                                span: Span {
                                                    start: 14,
                                                    end: 16,
                                                },
                                            },
                                        ),
                                    ),
                                    span: Span {
                                        start: 14,
                                        end: 16,
                                    },
                                    comments: CommentGroup {
                                        comments: [],
                                    },
                                },
                            },
                        },
                    ),
                    span: Span {
                        start: 14,
                        end: 16,
                    },
                    comments: CommentGroup {
                        comments: [],
                    },
                },
                ending: Semicolon(
                    Span {
                        start: 16,
                        end: 17,
                    },
                ),
            },
        ),
        span: Span {
            start: 7,
            end: 17,
        },
        comments: CommentGroup {
            comments: [],
        },
    },
]
---
