[
    Statement {
        kind: FullOpeningTag(
            FullOpeningTagStatement {
                span: Span {
                    start: 0,
                    end: 5,
                },
            },
        ),
        span: Span {
            start: 0,
            end: 5,
        },
        comments: CommentGroup {
            comments: [],
        },
    },
    Statement {
        kind: Class(
            ClassStatement {
                attributes: [],
                modifiers: ClassModifierGroup {
                    modifiers: [],
                },
                class: Span {
                    start: 7,
                    end: 12,
                },
                name: Name {
                    kind: Resolved(
                        ResolvedName {
                            resolved: Symbol("A"),
                            original: Symbol("A"),
                        },
                    ),
                    span: Span {
                        start: 13,
                        end: 14,
                    },
                },
                extends: None,
                implements: None,
                body: ClassBody {
                    left_brace: Span {
                        start: 15,
                        end: 16,
                    },
                    members: [
                        ConcreteMethod(
                            ConcreteMethod {
                                comments: CommentGroup {
                                    comments: [],
                                },
                                attributes: [],
                                modifiers: MethodModifierGroup {
                                    modifiers: [],
                                },
                                function: Span {
                                    start: 21,
                                    end: 29,
                                },
                                ampersand: None,
                                name: SimpleIdentifier {
                                    symbol: Symbol("a"),
                                    span: Span {
                                        start: 30,
                                        end: 31,
                                    },
                                },
                                parameters: FunctionParameterList {
                                    comments: CommentGroup {
                                        comments: [],
                                    },
                                    left_parenthesis: Span {
                                        start: 31,
                                        end: 32,
                                    },
                                    parameters: CommaSeparated {
                                        inner: [
                                            FunctionParameter {
                                                comments: CommentGroup {
                                                    comments: [],
                                                },
                                                name: SimpleVariable {
                                                    symbol: Symbol("$a"),
                                                    stripped: Symbol("a"),
                                                    span: Span {
                                                        start: 32,
                                                        end: 34,
                                                    },
                                                },
                                                attributes: [],
                                                data_type: None,
                                                ellipsis: None,
                                                default: None,
                                                ampersand: None,
                                            },
                                            FunctionParameter {
                                                comments: CommentGroup {
                                                    comments: [],
                                                },
                                                name: SimpleVariable {
                                                    symbol: Symbol("$b"),
                                                    stripped: Symbol("b"),
                                                    span: Span {
                                                        start: 36,
                                                        end: 38,
                                                    },
                                                },
                                                attributes: [],
                                                data_type: None,
                                                ellipsis: None,
                                                default: None,
                                                ampersand: None,
                                            },
                                        ],
                                        commas: [
                                            Span {
                                                start: 34,
                                                end: 35,
                                            },
                                        ],
                                    },
                                    right_parenthesis: Span {
                                        start: 38,
                                        end: 39,
                                    },
                                },
                                return_type: None,
                                body: MethodBody {
                                    comments: CommentGroup {
                                        comments: [],
                                    },
                                    left_brace: Span {
                                        start: 40,
                                        end: 41,
                                    },
                                    statements: [],
                                    right_brace: Span {
                                        start: 55,
                                        end: 56,
                                    },
                                },
                            },
                        ),
                    ],
                    right_brace: Span {
                        start: 57,
                        end: 58,
                    },
                },
            },
        ),
        span: Span {
            start: 7,
            end: 58,
        },
        comments: CommentGroup {
            comments: [],
        },
    },
]
---
