[
    Statement {
        id: 2,
        kind: FullOpeningTag(
            FullOpeningTagStatement {
                span: Span {
                    start: Position {
                        offset: 0,
                        line: 1,
                        column: 0,
                    },
                    end: Position {
                        offset: 5,
                        line: 1,
                        column: 5,
                    },
                },
            },
        ),
        span: Span {
            start: Position {
                offset: 0,
                line: 1,
                column: 0,
            },
            end: Position {
                offset: 5,
                line: 1,
                column: 5,
            },
        },
        comments: CommentGroup {
            comments: [],
        },
    },
    Statement {
        id: 4,
        kind: Class(
            ClassStatement {
                attributes: [],
                modifiers: ClassModifierGroup {
                    modifiers: [
                        Readonly(
                            Span {
                                start: Position {
                                    offset: 7,
                                    line: 3,
                                    column: 1,
                                },
                                end: Position {
                                    offset: 15,
                                    line: 3,
                                    column: 9,
                                },
                            },
                        ),
                    ],
                },
                class: Span {
                    start: Position {
                        offset: 16,
                        line: 3,
                        column: 10,
                    },
                    end: Position {
                        offset: 21,
                        line: 3,
                        column: 15,
                    },
                },
                name: SimpleIdentifier {
                    id: 3,
                    symbol: Symbol("Foo"),
                    parts: [
                        Symbol("Foo"),
                    ],
                    qualification: Unqualified,
                    span: Span {
                        start: Position {
                            offset: 22,
                            line: 3,
                            column: 16,
                        },
                        end: Position {
                            offset: 25,
                            line: 3,
                            column: 19,
                        },
                    },
                },
                extends: None,
                implements: None,
                body: ClassBody {
                    left_brace: Span {
                        start: Position {
                            offset: 26,
                            line: 3,
                            column: 20,
                        },
                        end: Position {
                            offset: 27,
                            line: 3,
                            column: 21,
                        },
                    },
                    members: [],
                    right_brace: Span {
                        start: Position {
                            offset: 27,
                            line: 3,
                            column: 21,
                        },
                        end: Position {
                            offset: 28,
                            line: 3,
                            column: 22,
                        },
                    },
                },
            },
        ),
        span: Span {
            start: Position {
                offset: 7,
                line: 3,
                column: 1,
            },
            end: Position {
                offset: 28,
                line: 3,
                column: 22,
            },
        },
        comments: CommentGroup {
            comments: [],
        },
    },
]
---
