[
    Statement {
        kind: FullOpeningTag(
            FullOpeningTagStatement {
                span: Span {
                    start: 0,
                    end: 5,
                },
            },
        ),
        span: Span {
            start: 0,
            end: 5,
        },
        comments: CommentGroup {
            comments: [],
        },
    },
    Statement {
        kind: Expression(
            ExpressionStatement {
                span: Span {
                    start: 8,
                    end: 22,
                },
                expression: Expression {
                    kind: Literal(
                        Literal {
                            span: Span {
                                start: 8,
                                end: 20,
                            },
                            kind: String,
                            token: Token {
                                kind: LiteralDoubleQuotedString,
                                span: Span {
                                    start: 8,
                                    end: 20,
                                },
                                symbol: Some(
                                    Symbol("Hello, world"),
                                ),
                            },
                        },
                    ),
                    span: Span {
                        start: 8,
                        end: 20,
                    },
                    comments: CommentGroup {
                        comments: [],
                    },
                },
                ending: Semicolon(
                    Span {
                        start: 21,
                        end: 22,
                    },
                ),
            },
        ),
        span: Span {
            start: 8,
            end: 22,
        },
        comments: CommentGroup {
            comments: [],
        },
    },
    Statement {
        kind: Expression(
            ExpressionStatement {
                span: Span {
                    start: 23,
                    end: 38,
                },
                expression: Expression {
                    kind: Literal(
                        Literal {
                            span: Span {
                                start: 23,
                                end: 37,
                            },
                            kind: String,
                            token: Token {
                                kind: LiteralSingleQuotedString,
                                span: Span {
                                    start: 23,
                                    end: 37,
                                },
                                symbol: Some(
                                    Symbol("'Hello, world'"),
                                ),
                            },
                        },
                    ),
                    span: Span {
                        start: 23,
                        end: 37,
                    },
                    comments: CommentGroup {
                        comments: [],
                    },
                },
                ending: Semicolon(
                    Span {
                        start: 37,
                        end: 38,
                    },
                ),
            },
        ),
        span: Span {
            start: 23,
            end: 38,
        },
        comments: CommentGroup {
            comments: [],
        },
    },
    Statement {
        kind: Expression(
            ExpressionStatement {
                span: Span {
                    start: 40,
                    end: 56,
                },
                expression: Expression {
                    kind: InterpolatedString(
                        InterpolatedStringExpression {
                            span: Span {
                                start: 40,
                                end: 56,
                            },
                            parts: [
                                Literal(
                                    LiteralStringPart {
                                        span: Span {
                                            start: 40,
                                            end: 47,
                                        },
                                        value: Symbol("Hello, "),
                                    },
                                ),
                                Expression(
                                    ExpressionStringPart {
                                        span: Span {
                                            start: 48,
                                            end: 53,
                                        },
                                        expression: Expression {
                                            kind: Variable(
                                                SimpleVariable(
                                                    SimpleVariable {
                                                        symbol: Symbol("$name"),
                                                        stripped: Symbol("name"),
                                                        span: Span {
                                                            start: 48,
                                                            end: 53,
                                                        },
                                                    },
                                                ),
                                            ),
                                            span: Span {
                                                start: 48,
                                                end: 53,
                                            },
                                            comments: CommentGroup {
                                                comments: [],
                                            },
                                        },
                                    },
                                ),
                            ],
                        },
                    ),
                    span: Span {
                        start: 40,
                        end: 56,
                    },
                    comments: CommentGroup {
                        comments: [],
                    },
                },
                ending: Semicolon(
                    Span {
                        start: 55,
                        end: 56,
                    },
                ),
            },
        ),
        span: Span {
            start: 40,
            end: 56,
        },
        comments: CommentGroup {
            comments: [],
        },
    },
    Statement {
        kind: Expression(
            ExpressionStatement {
                span: Span {
                    start: 58,
                    end: 72,
                },
                expression: Expression {
                    kind: InterpolatedString(
                        InterpolatedStringExpression {
                            span: Span {
                                start: 58,
                                end: 72,
                            },
                            parts: [
                                Literal(
                                    LiteralStringPart {
                                        span: Span {
                                            start: 58,
                                            end: 65,
                                        },
                                        value: Symbol("Hello, "),
                                    },
                                ),
                                Expression(
                                    ExpressionStringPart {
                                        span: Span {
                                            start: 65,
                                            end: 70,
                                        },
                                        expression: Expression {
                                            kind: Variable(
                                                SimpleVariable(
                                                    SimpleVariable {
                                                        symbol: Symbol("$name"),
                                                        stripped: Symbol("name"),
                                                        span: Span {
                                                            start: 65,
                                                            end: 70,
                                                        },
                                                    },
                                                ),
                                            ),
                                            span: Span {
                                                start: 65,
                                                end: 70,
                                            },
                                            comments: CommentGroup {
                                                comments: [],
                                            },
                                        },
                                    },
                                ),
                            ],
                        },
                    ),
                    span: Span {
                        start: 58,
                        end: 72,
                    },
                    comments: CommentGroup {
                        comments: [],
                    },
                },
                ending: Semicolon(
                    Span {
                        start: 71,
                        end: 72,
                    },
                ),
            },
        ),
        span: Span {
            start: 58,
            end: 72,
        },
        comments: CommentGroup {
            comments: [],
        },
    },
    Statement {
        kind: Expression(
            ExpressionStatement {
                span: Span {
                    start: 74,
                    end: 96,
                },
                expression: Expression {
                    kind: InterpolatedString(
                        InterpolatedStringExpression {
                            span: Span {
                                start: 74,
                                end: 96,
                            },
                            parts: [
                                Literal(
                                    LiteralStringPart {
                                        span: Span {
                                            start: 74,
                                            end: 81,
                                        },
                                        value: Symbol("Hello, "),
                                    },
                                ),
                                Expression(
                                    ExpressionStringPart {
                                        span: Span {
                                            start: 87,
                                            end: 93,
                                        },
                                        expression: Expression {
                                            kind: PropertyFetch(
                                                PropertyFetchExpression {
                                                    span: Span {
                                                        start: 82,
                                                        end: 93,
                                                    },
                                                    target: Expression {
                                                        kind: Variable(
                                                            SimpleVariable(
                                                                SimpleVariable {
                                                                    symbol: Symbol("$user"),
                                                                    stripped: Symbol("user"),
                                                                    span: Span {
                                                                        start: 82,
                                                                        end: 87,
                                                                    },
                                                                },
                                                            ),
                                                        ),
                                                        span: Span {
                                                            start: 82,
                                                            end: 87,
                                                        },
                                                        comments: CommentGroup {
                                                            comments: [],
                                                        },
                                                    },
                                                    arrow: Span {
                                                        start: 87,
                                                        end: 89,
                                                    },
                                                    property: Expression {
                                                        kind: Identifier(
                                                            SimpleIdentifier(
                                                                SimpleIdentifier {
                                                                    symbol: Symbol("name"),
                                                                    span: Span {
                                                                        start: 89,
                                                                        end: 93,
                                                                    },
                                                                },
                                                            ),
                                                        ),
                                                        span: Span {
                                                            start: 89,
                                                            end: 93,
                                                        },
                                                        comments: CommentGroup {
                                                            comments: [],
                                                        },
                                                    },
                                                },
                                            ),
                                            span: Span {
                                                start: 87,
                                                end: 93,
                                            },
                                            comments: CommentGroup {
                                                comments: [],
                                            },
                                        },
                                    },
                                ),
                            ],
                        },
                    ),
                    span: Span {
                        start: 74,
                        end: 96,
                    },
                    comments: CommentGroup {
                        comments: [],
                    },
                },
                ending: Semicolon(
                    Span {
                        start: 95,
                        end: 96,
                    },
                ),
            },
        ),
        span: Span {
            start: 74,
            end: 96,
        },
        comments: CommentGroup {
            comments: [],
        },
    },
    Statement {
        kind: Expression(
            ExpressionStatement {
                span: Span {
                    start: 98,
                    end: 118,
                },
                expression: Expression {
                    kind: InterpolatedString(
                        InterpolatedStringExpression {
                            span: Span {
                                start: 98,
                                end: 118,
                            },
                            parts: [
                                Literal(
                                    LiteralStringPart {
                                        span: Span {
                                            start: 98,
                                            end: 105,
                                        },
                                        value: Symbol("Hello, "),
                                    },
                                ),
                                Expression(
                                    ExpressionStringPart {
                                        span: Span {
                                            start: 105,
                                            end: 116,
                                        },
                                        expression: Expression {
                                            kind: PropertyFetch(
                                                PropertyFetchExpression {
                                                    span: Span {
                                                        start: 105,
                                                        end: 116,
                                                    },
                                                    target: Expression {
                                                        kind: Variable(
                                                            SimpleVariable(
                                                                SimpleVariable {
                                                                    symbol: Symbol("$user"),
                                                                    stripped: Symbol("user"),
                                                                    span: Span {
                                                                        start: 105,
                                                                        end: 110,
                                                                    },
                                                                },
                                                            ),
                                                        ),
                                                        span: Span {
                                                            start: 105,
                                                            end: 110,
                                                        },
                                                        comments: CommentGroup {
                                                            comments: [],
                                                        },
                                                    },
                                                    arrow: Span {
                                                        start: 110,
                                                        end: 112,
                                                    },
                                                    property: Expression {
                                                        kind: Identifier(
                                                            SimpleIdentifier(
                                                                SimpleIdentifier {
                                                                    symbol: Symbol("name"),
                                                                    span: Span {
                                                                        start: 112,
                                                                        end: 116,
                                                                    },
                                                                },
                                                            ),
                                                        ),
                                                        span: Span {
                                                            start: 112,
                                                            end: 116,
                                                        },
                                                        comments: CommentGroup {
                                                            comments: [],
                                                        },
                                                    },
                                                },
                                            ),
                                            span: Span {
                                                start: 105,
                                                end: 116,
                                            },
                                            comments: CommentGroup {
                                                comments: [],
                                            },
                                        },
                                    },
                                ),
                            ],
                        },
                    ),
                    span: Span {
                        start: 98,
                        end: 118,
                    },
                    comments: CommentGroup {
                        comments: [],
                    },
                },
                ending: Semicolon(
                    Span {
                        start: 117,
                        end: 118,
                    },
                ),
            },
        ),
        span: Span {
            start: 98,
            end: 118,
        },
        comments: CommentGroup {
            comments: [],
        },
    },
    Statement {
        kind: Expression(
            ExpressionStatement {
                span: Span {
                    start: 120,
                    end: 147,
                },
                expression: Expression {
                    kind: InterpolatedString(
                        InterpolatedStringExpression {
                            span: Span {
                                start: 120,
                                end: 147,
                            },
                            parts: [
                                Literal(
                                    LiteralStringPart {
                                        span: Span {
                                            start: 120,
                                            end: 127,
                                        },
                                        value: Symbol("Hello, "),
                                    },
                                ),
                                Expression(
                                    ExpressionStringPart {
                                        span: Span {
                                            start: 133,
                                            end: 144,
                                        },
                                        expression: Expression {
                                            kind: MethodCall(
                                                MethodCallExpression {
                                                    span: Span {
                                                        start: 128,
                                                        end: 144,
                                                    },
                                                    target: Expression {
                                                        kind: Variable(
                                                            SimpleVariable(
                                                                SimpleVariable {
                                                                    symbol: Symbol("$user"),
                                                                    stripped: Symbol("user"),
                                                                    span: Span {
                                                                        start: 128,
                                                                        end: 133,
                                                                    },
                                                                },
                                                            ),
                                                        ),
                                                        span: Span {
                                                            start: 128,
                                                            end: 133,
                                                        },
                                                        comments: CommentGroup {
                                                            comments: [],
                                                        },
                                                    },
                                                    arrow: Span {
                                                        start: 133,
                                                        end: 135,
                                                    },
                                                    method: Expression {
                                                        kind: Identifier(
                                                            SimpleIdentifier(
                                                                SimpleIdentifier {
                                                                    symbol: Symbol("getName"),
                                                                    span: Span {
                                                                        start: 135,
                                                                        end: 142,
                                                                    },
                                                                },
                                                            ),
                                                        ),
                                                        span: Span {
                                                            start: 135,
                                                            end: 142,
                                                        },
                                                        comments: CommentGroup {
                                                            comments: [],
                                                        },
                                                    },
                                                    arguments: ArgumentList {
                                                        span: Span {
                                                            start: 142,
                                                            end: 144,
                                                        },
                                                        comments: CommentGroup {
                                                            comments: [],
                                                        },
                                                        left_parenthesis: Span {
                                                            start: 142,
                                                            end: 143,
                                                        },
                                                        arguments: [],
                                                        right_parenthesis: Span {
                                                            start: 143,
                                                            end: 144,
                                                        },
                                                    },
                                                },
                                            ),
                                            span: Span {
                                                start: 133,
                                                end: 144,
                                            },
                                            comments: CommentGroup {
                                                comments: [],
                                            },
                                        },
                                    },
                                ),
                            ],
                        },
                    ),
                    span: Span {
                        start: 120,
                        end: 147,
                    },
                    comments: CommentGroup {
                        comments: [],
                    },
                },
                ending: Semicolon(
                    Span {
                        start: 146,
                        end: 147,
                    },
                ),
            },
        ),
        span: Span {
            start: 120,
            end: 147,
        },
        comments: CommentGroup {
            comments: [],
        },
    },
]
---
