[
    Statement {
        kind: FullOpeningTag(
            FullOpeningTagStatement {
                span: Span {
                    start: 0,
                    end: 5,
                },
            },
        ),
        span: Span {
            start: 0,
            end: 5,
        },
        comments: CommentGroup {
            comments: [],
        },
    },
    Statement {
        kind: Switch(
            SwitchStatement {
                span: Span {
                    start: 7,
                    end: 120,
                },
                switch: Span {
                    start: 7,
                    end: 13,
                },
                left_parenthesis: Span {
                    start: 14,
                    end: 15,
                },
                condition: Expression {
                    kind: Variable(
                        SimpleVariable(
                            SimpleVariable {
                                symbol: Symbol("$a"),
                                stripped: Symbol("a"),
                                span: Span {
                                    start: 15,
                                    end: 17,
                                },
                            },
                        ),
                    ),
                    span: Span {
                        start: 15,
                        end: 17,
                    },
                    comments: CommentGroup {
                        comments: [],
                    },
                },
                right_parenthesis: Span {
                    start: 17,
                    end: 18,
                },
                cases: [
                    Case {
                        span: Span {
                            start: 30,
                            end: 49,
                        },
                        condition: Some(
                            Expression {
                                kind: Literal(
                                    Literal {
                                        span: Span {
                                            start: 30,
                                            end: 33,
                                        },
                                        kind: String,
                                        token: Token {
                                            kind: LiteralSingleQuotedString,
                                            span: Span {
                                                start: 30,
                                                end: 33,
                                            },
                                            symbol: Some(
                                                Symbol("'a'"),
                                            ),
                                        },
                                    },
                                ),
                                span: Span {
                                    start: 30,
                                    end: 33,
                                },
                                comments: CommentGroup {
                                    comments: [],
                                },
                            },
                        ),
                        body: [
                            Statement {
                                kind: Break(
                                    BreakStatement {
                                        span: Span {
                                            start: 43,
                                            end: 49,
                                        },
                                        break: Span {
                                            start: 43,
                                            end: 48,
                                        },
                                        level: None,
                                        ending: Semicolon(
                                            Span {
                                                start: 48,
                                                end: 49,
                                            },
                                        ),
                                    },
                                ),
                                span: Span {
                                    start: 43,
                                    end: 49,
                                },
                                comments: CommentGroup {
                                    comments: [],
                                },
                            },
                        ],
                    },
                    Case {
                        span: Span {
                            start: 59,
                            end: 0,
                        },
                        condition: Some(
                            Expression {
                                kind: Literal(
                                    Literal {
                                        span: Span {
                                            start: 59,
                                            end: 62,
                                        },
                                        kind: String,
                                        token: Token {
                                            kind: LiteralSingleQuotedString,
                                            span: Span {
                                                start: 59,
                                                end: 62,
                                            },
                                            symbol: Some(
                                                Symbol("'b'"),
                                            ),
                                        },
                                    },
                                ),
                                span: Span {
                                    start: 59,
                                    end: 62,
                                },
                                comments: CommentGroup {
                                    comments: [],
                                },
                            },
                        ),
                        body: [],
                    },
                    Case {
                        span: Span {
                            start: 73,
                            end: 92,
                        },
                        condition: Some(
                            Expression {
                                kind: Literal(
                                    Literal {
                                        span: Span {
                                            start: 73,
                                            end: 76,
                                        },
                                        kind: String,
                                        token: Token {
                                            kind: LiteralSingleQuotedString,
                                            span: Span {
                                                start: 73,
                                                end: 76,
                                            },
                                            symbol: Some(
                                                Symbol("'c'"),
                                            ),
                                        },
                                    },
                                ),
                                span: Span {
                                    start: 73,
                                    end: 76,
                                },
                                comments: CommentGroup {
                                    comments: [],
                                },
                            },
                        ),
                        body: [
                            Statement {
                                kind: Break(
                                    BreakStatement {
                                        span: Span {
                                            start: 86,
                                            end: 92,
                                        },
                                        break: Span {
                                            start: 86,
                                            end: 91,
                                        },
                                        level: None,
                                        ending: Semicolon(
                                            Span {
                                                start: 91,
                                                end: 92,
                                            },
                                        ),
                                    },
                                ),
                                span: Span {
                                    start: 86,
                                    end: 92,
                                },
                                comments: CommentGroup {
                                    comments: [],
                                },
                            },
                        ],
                    },
                    Case {
                        span: Span {
                            start: 114,
                            end: 120,
                        },
                        condition: None,
                        body: [
                            Statement {
                                kind: Break(
                                    BreakStatement {
                                        span: Span {
                                            start: 114,
                                            end: 120,
                                        },
                                        break: Span {
                                            start: 114,
                                            end: 119,
                                        },
                                        level: None,
                                        ending: Semicolon(
                                            Span {
                                                start: 119,
                                                end: 120,
                                            },
                                        ),
                                    },
                                ),
                                span: Span {
                                    start: 114,
                                    end: 120,
                                },
                                comments: CommentGroup {
                                    comments: [],
                                },
                            },
                        ],
                    },
                ],
            },
        ),
        span: Span {
            start: 7,
            end: 122,
        },
        comments: CommentGroup {
            comments: [],
        },
    },
]
---
