[
    Statement {
        kind: FullOpeningTag(
            FullOpeningTagStatement {
                span: Span {
                    start: 0,
                    end: 5,
                },
            },
        ),
        span: Span {
            start: 0,
            end: 5,
        },
        comments: CommentGroup {
            comments: [],
        },
    },
    Statement {
        kind: Trait(
            TraitStatement {
                span: Span {
                    start: 7,
                    end: 205,
                },
                trait: Span {
                    start: 7,
                    end: 12,
                },
                name: Name {
                    kind: Resolved(
                        ResolvedName {
                            span: Span {
                                start: 13,
                                end: 16,
                            },
                            resolved: Symbol("Foo"),
                            original: Symbol("Foo"),
                        },
                    ),
                    span: Span {
                        start: 13,
                        end: 16,
                    },
                },
                attributes: [],
                body: TraitBody {
                    span: Span {
                        start: 17,
                        end: 205,
                    },
                    left_brace: Span {
                        start: 17,
                        end: 18,
                    },
                    members: [
                        ConcreteMethod(
                            ConcreteMethod {
                                span: Span {
                                    start: 23,
                                    end: 38,
                                },
                                comments: CommentGroup {
                                    comments: [],
                                },
                                attributes: [],
                                modifiers: MethodModifierGroup {
                                    span: Span {
                                        start: 0,
                                        end: 0,
                                    },
                                    modifiers: [],
                                },
                                function: Span {
                                    start: 23,
                                    end: 31,
                                },
                                ampersand: None,
                                name: SimpleIdentifier {
                                    symbol: Symbol("a"),
                                    span: Span {
                                        start: 32,
                                        end: 33,
                                    },
                                },
                                parameters: FunctionParameterList {
                                    span: Span {
                                        start: 33,
                                        end: 35,
                                    },
                                    comments: CommentGroup {
                                        comments: [],
                                    },
                                    left_parenthesis: Span {
                                        start: 33,
                                        end: 34,
                                    },
                                    parameters: CommaSeparated {
                                        inner: [],
                                        commas: [],
                                    },
                                    right_parenthesis: Span {
                                        start: 34,
                                        end: 35,
                                    },
                                },
                                return_type: None,
                                body: MethodBody {
                                    span: Span {
                                        start: 36,
                                        end: 38,
                                    },
                                    comments: CommentGroup {
                                        comments: [],
                                    },
                                    left_brace: Span {
                                        start: 36,
                                        end: 37,
                                    },
                                    statements: [],
                                    right_brace: Span {
                                        start: 37,
                                        end: 38,
                                    },
                                },
                            },
                        ),
                        ConcreteMethod(
                            ConcreteMethod {
                                span: Span {
                                    start: 50,
                                    end: 65,
                                },
                                comments: CommentGroup {
                                    comments: [],
                                },
                                attributes: [],
                                modifiers: MethodModifierGroup {
                                    span: Span {
                                        start: 43,
                                        end: 49,
                                    },
                                    modifiers: [
                                        Public(
                                            Span {
                                                start: 43,
                                                end: 49,
                                            },
                                        ),
                                    ],
                                },
                                function: Span {
                                    start: 50,
                                    end: 58,
                                },
                                ampersand: None,
                                name: SimpleIdentifier {
                                    symbol: Symbol("b"),
                                    span: Span {
                                        start: 59,
                                        end: 60,
                                    },
                                },
                                parameters: FunctionParameterList {
                                    span: Span {
                                        start: 60,
                                        end: 62,
                                    },
                                    comments: CommentGroup {
                                        comments: [],
                                    },
                                    left_parenthesis: Span {
                                        start: 60,
                                        end: 61,
                                    },
                                    parameters: CommaSeparated {
                                        inner: [],
                                        commas: [],
                                    },
                                    right_parenthesis: Span {
                                        start: 61,
                                        end: 62,
                                    },
                                },
                                return_type: None,
                                body: MethodBody {
                                    span: Span {
                                        start: 63,
                                        end: 65,
                                    },
                                    comments: CommentGroup {
                                        comments: [],
                                    },
                                    left_brace: Span {
                                        start: 63,
                                        end: 64,
                                    },
                                    statements: [],
                                    right_brace: Span {
                                        start: 64,
                                        end: 65,
                                    },
                                },
                            },
                        ),
                        ConcreteMethod(
                            ConcreteMethod {
                                span: Span {
                                    start: 80,
                                    end: 95,
                                },
                                comments: CommentGroup {
                                    comments: [],
                                },
                                attributes: [],
                                modifiers: MethodModifierGroup {
                                    span: Span {
                                        start: 70,
                                        end: 79,
                                    },
                                    modifiers: [
                                        Protected(
                                            Span {
                                                start: 70,
                                                end: 79,
                                            },
                                        ),
                                    ],
                                },
                                function: Span {
                                    start: 80,
                                    end: 88,
                                },
                                ampersand: None,
                                name: SimpleIdentifier {
                                    symbol: Symbol("c"),
                                    span: Span {
                                        start: 89,
                                        end: 90,
                                    },
                                },
                                parameters: FunctionParameterList {
                                    span: Span {
                                        start: 90,
                                        end: 92,
                                    },
                                    comments: CommentGroup {
                                        comments: [],
                                    },
                                    left_parenthesis: Span {
                                        start: 90,
                                        end: 91,
                                    },
                                    parameters: CommaSeparated {
                                        inner: [],
                                        commas: [],
                                    },
                                    right_parenthesis: Span {
                                        start: 91,
                                        end: 92,
                                    },
                                },
                                return_type: None,
                                body: MethodBody {
                                    span: Span {
                                        start: 93,
                                        end: 95,
                                    },
                                    comments: CommentGroup {
                                        comments: [],
                                    },
                                    left_brace: Span {
                                        start: 93,
                                        end: 94,
                                    },
                                    statements: [],
                                    right_brace: Span {
                                        start: 94,
                                        end: 95,
                                    },
                                },
                            },
                        ),
                        ConcreteMethod(
                            ConcreteMethod {
                                span: Span {
                                    start: 108,
                                    end: 123,
                                },
                                comments: CommentGroup {
                                    comments: [],
                                },
                                attributes: [],
                                modifiers: MethodModifierGroup {
                                    span: Span {
                                        start: 100,
                                        end: 107,
                                    },
                                    modifiers: [
                                        Private(
                                            Span {
                                                start: 100,
                                                end: 107,
                                            },
                                        ),
                                    ],
                                },
                                function: Span {
                                    start: 108,
                                    end: 116,
                                },
                                ampersand: None,
                                name: SimpleIdentifier {
                                    symbol: Symbol("d"),
                                    span: Span {
                                        start: 117,
                                        end: 118,
                                    },
                                },
                                parameters: FunctionParameterList {
                                    span: Span {
                                        start: 118,
                                        end: 120,
                                    },
                                    comments: CommentGroup {
                                        comments: [],
                                    },
                                    left_parenthesis: Span {
                                        start: 118,
                                        end: 119,
                                    },
                                    parameters: CommaSeparated {
                                        inner: [],
                                        commas: [],
                                    },
                                    right_parenthesis: Span {
                                        start: 119,
                                        end: 120,
                                    },
                                },
                                return_type: None,
                                body: MethodBody {
                                    span: Span {
                                        start: 121,
                                        end: 123,
                                    },
                                    comments: CommentGroup {
                                        comments: [],
                                    },
                                    left_brace: Span {
                                        start: 121,
                                        end: 122,
                                    },
                                    statements: [],
                                    right_brace: Span {
                                        start: 122,
                                        end: 123,
                                    },
                                },
                            },
                        ),
                        ConcreteMethod(
                            ConcreteMethod {
                                span: Span {
                                    start: 134,
                                    end: 149,
                                },
                                comments: CommentGroup {
                                    comments: [],
                                },
                                attributes: [],
                                modifiers: MethodModifierGroup {
                                    span: Span {
                                        start: 128,
                                        end: 133,
                                    },
                                    modifiers: [
                                        Final(
                                            Span {
                                                start: 128,
                                                end: 133,
                                            },
                                        ),
                                    ],
                                },
                                function: Span {
                                    start: 134,
                                    end: 142,
                                },
                                ampersand: None,
                                name: SimpleIdentifier {
                                    symbol: Symbol("e"),
                                    span: Span {
                                        start: 143,
                                        end: 144,
                                    },
                                },
                                parameters: FunctionParameterList {
                                    span: Span {
                                        start: 144,
                                        end: 146,
                                    },
                                    comments: CommentGroup {
                                        comments: [],
                                    },
                                    left_parenthesis: Span {
                                        start: 144,
                                        end: 145,
                                    },
                                    parameters: CommaSeparated {
                                        inner: [],
                                        commas: [],
                                    },
                                    right_parenthesis: Span {
                                        start: 145,
                                        end: 146,
                                    },
                                },
                                return_type: None,
                                body: MethodBody {
                                    span: Span {
                                        start: 147,
                                        end: 149,
                                    },
                                    comments: CommentGroup {
                                        comments: [],
                                    },
                                    left_brace: Span {
                                        start: 147,
                                        end: 148,
                                    },
                                    statements: [],
                                    right_brace: Span {
                                        start: 148,
                                        end: 149,
                                    },
                                },
                            },
                        ),
                        AbstractMethod(
                            AbstractMethod {
                                span: Span {
                                    start: 163,
                                    end: 176,
                                },
                                comments: CommentGroup {
                                    comments: [],
                                },
                                attributes: [],
                                modifiers: MethodModifierGroup {
                                    span: Span {
                                        start: 154,
                                        end: 162,
                                    },
                                    modifiers: [
                                        Abstract(
                                            Span {
                                                start: 154,
                                                end: 162,
                                            },
                                        ),
                                    ],
                                },
                                function: Span {
                                    start: 163,
                                    end: 171,
                                },
                                ampersand: None,
                                name: SimpleIdentifier {
                                    symbol: Symbol("f"),
                                    span: Span {
                                        start: 172,
                                        end: 173,
                                    },
                                },
                                parameters: FunctionParameterList {
                                    span: Span {
                                        start: 173,
                                        end: 175,
                                    },
                                    comments: CommentGroup {
                                        comments: [],
                                    },
                                    left_parenthesis: Span {
                                        start: 173,
                                        end: 174,
                                    },
                                    parameters: CommaSeparated {
                                        inner: [],
                                        commas: [],
                                    },
                                    right_parenthesis: Span {
                                        start: 174,
                                        end: 175,
                                    },
                                },
                                return_type: None,
                                semicolon: Span {
                                    start: 175,
                                    end: 176,
                                },
                            },
                        ),
                        ConcreteMethod(
                            ConcreteMethod {
                                span: Span {
                                    start: 188,
                                    end: 203,
                                },
                                comments: CommentGroup {
                                    comments: [],
                                },
                                attributes: [],
                                modifiers: MethodModifierGroup {
                                    span: Span {
                                        start: 181,
                                        end: 187,
                                    },
                                    modifiers: [
                                        Static(
                                            Span {
                                                start: 181,
                                                end: 187,
                                            },
                                        ),
                                    ],
                                },
                                function: Span {
                                    start: 188,
                                    end: 196,
                                },
                                ampersand: None,
                                name: SimpleIdentifier {
                                    symbol: Symbol("g"),
                                    span: Span {
                                        start: 197,
                                        end: 198,
                                    },
                                },
                                parameters: FunctionParameterList {
                                    span: Span {
                                        start: 198,
                                        end: 200,
                                    },
                                    comments: CommentGroup {
                                        comments: [],
                                    },
                                    left_parenthesis: Span {
                                        start: 198,
                                        end: 199,
                                    },
                                    parameters: CommaSeparated {
                                        inner: [],
                                        commas: [],
                                    },
                                    right_parenthesis: Span {
                                        start: 199,
                                        end: 200,
                                    },
                                },
                                return_type: None,
                                body: MethodBody {
                                    span: Span {
                                        start: 201,
                                        end: 203,
                                    },
                                    comments: CommentGroup {
                                        comments: [],
                                    },
                                    left_brace: Span {
                                        start: 201,
                                        end: 202,
                                    },
                                    statements: [],
                                    right_brace: Span {
                                        start: 202,
                                        end: 203,
                                    },
                                },
                            },
                        ),
                    ],
                    right_brace: Span {
                        start: 204,
                        end: 205,
                    },
                },
            },
        ),
        span: Span {
            start: 7,
            end: 205,
        },
        comments: CommentGroup {
            comments: [],
        },
    },
]
---
