[
    Statement {
        id: 3,
        kind: FullOpeningTag(
            FullOpeningTagStatement {
                id: 2,
                span: Span {
                    start: 0,
                    end: 5,
                },
            },
        ),
        span: Span {
            start: 0,
            end: 5,
        },
        comments: CommentGroup {
            id: 1,
            comments: [],
        },
    },
    Statement {
        id: 44,
        kind: Class(
            ClassStatement {
                id: 43,
                span: Span {
                    start: 7,
                    end: 130,
                },
                attributes: [],
                modifiers: ClassModifierGroup {
                    id: 5,
                    span: Span {
                        start: 0,
                        end: 0,
                    },
                    modifiers: [],
                },
                class: Span {
                    start: 7,
                    end: 12,
                },
                name: Name {
                    id: 6,
                    kind: Resolved(
                        ResolvedName {
                            id: 6,
                            span: Span {
                                start: 13,
                                end: 16,
                            },
                            resolved: "Foo",
                            original: "Foo",
                        },
                    ),
                    span: Span {
                        start: 13,
                        end: 16,
                    },
                },
                extends: None,
                implements: None,
                body: ClassBody {
                    id: 42,
                    span: Span {
                        start: 17,
                        end: 130,
                    },
                    left_brace: Span {
                        start: 17,
                        end: 18,
                    },
                    members: [
                        Constant(
                            ClassishConstant {
                                id: 13,
                                span: Span {
                                    start: 23,
                                    end: 35,
                                },
                                comments: CommentGroup {
                                    id: 8,
                                    comments: [],
                                },
                                attributes: [],
                                modifiers: ConstantModifierGroup {
                                    id: 7,
                                    span: Span {
                                        start: 0,
                                        end: 0,
                                    },
                                    modifiers: [],
                                },
                                const: Span {
                                    start: 23,
                                    end: 28,
                                },
                                data_type: None,
                                entries: [
                                    ClassishConstantEntry {
                                        id: 12,
                                        span: Span {
                                            start: 29,
                                            end: 34,
                                        },
                                        name: SimpleIdentifier {
                                            id: 9,
                                            symbol: "A",
                                            span: Span {
                                                start: 29,
                                                end: 30,
                                            },
                                        },
                                        equals: Span {
                                            start: 31,
                                            end: 32,
                                        },
                                        value: Expression {
                                            id: 10,
                                            kind: Literal(
                                                Literal {
                                                    id: 11,
                                                    span: Span {
                                                        start: 33,
                                                        end: 34,
                                                    },
                                                    kind: Integer,
                                                    token: OwnedToken {
                                                        kind: LiteralInteger,
                                                        span: Span {
                                                            start: 33,
                                                            end: 34,
                                                        },
                                                        symbol: "1",
                                                    },
                                                },
                                            ),
                                            span: Span {
                                                start: 33,
                                                end: 34,
                                            },
                                            comments: CommentGroup {
                                                id: 0,
                                                comments: [],
                                            },
                                        },
                                    },
                                ],
                                semicolon: Span {
                                    start: 34,
                                    end: 35,
                                },
                            },
                        ),
                        Constant(
                            ClassishConstant {
                                id: 20,
                                span: Span {
                                    start: 40,
                                    end: 59,
                                },
                                comments: CommentGroup {
                                    id: 15,
                                    comments: [],
                                },
                                attributes: [],
                                modifiers: ConstantModifierGroup {
                                    id: 14,
                                    span: Span {
                                        start: 40,
                                        end: 46,
                                    },
                                    modifiers: [
                                        Public(
                                            Span {
                                                start: 40,
                                                end: 46,
                                            },
                                        ),
                                    ],
                                },
                                const: Span {
                                    start: 47,
                                    end: 52,
                                },
                                data_type: None,
                                entries: [
                                    ClassishConstantEntry {
                                        id: 19,
                                        span: Span {
                                            start: 53,
                                            end: 58,
                                        },
                                        name: SimpleIdentifier {
                                            id: 16,
                                            symbol: "B",
                                            span: Span {
                                                start: 53,
                                                end: 54,
                                            },
                                        },
                                        equals: Span {
                                            start: 55,
                                            end: 56,
                                        },
                                        value: Expression {
                                            id: 17,
                                            kind: Literal(
                                                Literal {
                                                    id: 18,
                                                    span: Span {
                                                        start: 57,
                                                        end: 58,
                                                    },
                                                    kind: Integer,
                                                    token: OwnedToken {
                                                        kind: LiteralInteger,
                                                        span: Span {
                                                            start: 57,
                                                            end: 58,
                                                        },
                                                        symbol: "2",
                                                    },
                                                },
                                            ),
                                            span: Span {
                                                start: 57,
                                                end: 58,
                                            },
                                            comments: CommentGroup {
                                                id: 0,
                                                comments: [],
                                            },
                                        },
                                    },
                                ],
                                semicolon: Span {
                                    start: 58,
                                    end: 59,
                                },
                            },
                        ),
                        Constant(
                            ClassishConstant {
                                id: 27,
                                span: Span {
                                    start: 64,
                                    end: 86,
                                },
                                comments: CommentGroup {
                                    id: 22,
                                    comments: [],
                                },
                                attributes: [],
                                modifiers: ConstantModifierGroup {
                                    id: 21,
                                    span: Span {
                                        start: 64,
                                        end: 73,
                                    },
                                    modifiers: [
                                        Protected(
                                            Span {
                                                start: 64,
                                                end: 73,
                                            },
                                        ),
                                    ],
                                },
                                const: Span {
                                    start: 74,
                                    end: 79,
                                },
                                data_type: None,
                                entries: [
                                    ClassishConstantEntry {
                                        id: 26,
                                        span: Span {
                                            start: 80,
                                            end: 85,
                                        },
                                        name: SimpleIdentifier {
                                            id: 23,
                                            symbol: "C",
                                            span: Span {
                                                start: 80,
                                                end: 81,
                                            },
                                        },
                                        equals: Span {
                                            start: 82,
                                            end: 83,
                                        },
                                        value: Expression {
                                            id: 24,
                                            kind: Literal(
                                                Literal {
                                                    id: 25,
                                                    span: Span {
                                                        start: 84,
                                                        end: 85,
                                                    },
                                                    kind: Integer,
                                                    token: OwnedToken {
                                                        kind: LiteralInteger,
                                                        span: Span {
                                                            start: 84,
                                                            end: 85,
                                                        },
                                                        symbol: "3",
                                                    },
                                                },
                                            ),
                                            span: Span {
                                                start: 84,
                                                end: 85,
                                            },
                                            comments: CommentGroup {
                                                id: 0,
                                                comments: [],
                                            },
                                        },
                                    },
                                ],
                                semicolon: Span {
                                    start: 85,
                                    end: 86,
                                },
                            },
                        ),
                        Constant(
                            ClassishConstant {
                                id: 34,
                                span: Span {
                                    start: 91,
                                    end: 111,
                                },
                                comments: CommentGroup {
                                    id: 29,
                                    comments: [],
                                },
                                attributes: [],
                                modifiers: ConstantModifierGroup {
                                    id: 28,
                                    span: Span {
                                        start: 91,
                                        end: 98,
                                    },
                                    modifiers: [
                                        Private(
                                            Span {
                                                start: 91,
                                                end: 98,
                                            },
                                        ),
                                    ],
                                },
                                const: Span {
                                    start: 99,
                                    end: 104,
                                },
                                data_type: None,
                                entries: [
                                    ClassishConstantEntry {
                                        id: 33,
                                        span: Span {
                                            start: 105,
                                            end: 110,
                                        },
                                        name: SimpleIdentifier {
                                            id: 30,
                                            symbol: "D",
                                            span: Span {
                                                start: 105,
                                                end: 106,
                                            },
                                        },
                                        equals: Span {
                                            start: 107,
                                            end: 108,
                                        },
                                        value: Expression {
                                            id: 31,
                                            kind: Literal(
                                                Literal {
                                                    id: 32,
                                                    span: Span {
                                                        start: 109,
                                                        end: 110,
                                                    },
                                                    kind: Integer,
                                                    token: OwnedToken {
                                                        kind: LiteralInteger,
                                                        span: Span {
                                                            start: 109,
                                                            end: 110,
                                                        },
                                                        symbol: "4",
                                                    },
                                                },
                                            ),
                                            span: Span {
                                                start: 109,
                                                end: 110,
                                            },
                                            comments: CommentGroup {
                                                id: 0,
                                                comments: [],
                                            },
                                        },
                                    },
                                ],
                                semicolon: Span {
                                    start: 110,
                                    end: 111,
                                },
                            },
                        ),
                        Constant(
                            ClassishConstant {
                                id: 41,
                                span: Span {
                                    start: 116,
                                    end: 128,
                                },
                                comments: CommentGroup {
                                    id: 36,
                                    comments: [],
                                },
                                attributes: [],
                                modifiers: ConstantModifierGroup {
                                    id: 35,
                                    span: Span {
                                        start: 0,
                                        end: 0,
                                    },
                                    modifiers: [],
                                },
                                const: Span {
                                    start: 116,
                                    end: 121,
                                },
                                data_type: None,
                                entries: [
                                    ClassishConstantEntry {
                                        id: 40,
                                        span: Span {
                                            start: 122,
                                            end: 127,
                                        },
                                        name: SimpleIdentifier {
                                            id: 37,
                                            symbol: "E",
                                            span: Span {
                                                start: 122,
                                                end: 123,
                                            },
                                        },
                                        equals: Span {
                                            start: 124,
                                            end: 125,
                                        },
                                        value: Expression {
                                            id: 38,
                                            kind: Literal(
                                                Literal {
                                                    id: 39,
                                                    span: Span {
                                                        start: 126,
                                                        end: 127,
                                                    },
                                                    kind: Integer,
                                                    token: OwnedToken {
                                                        kind: LiteralInteger,
                                                        span: Span {
                                                            start: 126,
                                                            end: 127,
                                                        },
                                                        symbol: "5",
                                                    },
                                                },
                                            ),
                                            span: Span {
                                                start: 126,
                                                end: 127,
                                            },
                                            comments: CommentGroup {
                                                id: 0,
                                                comments: [],
                                            },
                                        },
                                    },
                                ],
                                semicolon: Span {
                                    start: 127,
                                    end: 128,
                                },
                            },
                        ),
                    ],
                    right_brace: Span {
                        start: 129,
                        end: 130,
                    },
                },
            },
        ),
        span: Span {
            start: 7,
            end: 130,
        },
        comments: CommentGroup {
            id: 4,
            comments: [],
        },
    },
]
---
