[
    Statement {
        id: 3,
        kind: FullOpeningTag(
            FullOpeningTagStatement {
                id: 2,
                span: Span {
                    start: 0,
                    end: 5,
                },
            },
        ),
        span: Span {
            start: 0,
            end: 5,
        },
        comments: CommentGroup {
            id: 1,
            comments: [],
        },
    },
    Statement {
        id: 15,
        kind: Namespace(
            Unbraced(
                UnbracedNamespace {
                    id: 14,
                    span: Span {
                        start: 7,
                        end: 35,
                    },
                    start: Span {
                        start: 7,
                        end: 16,
                    },
                    name: SimpleIdentifier {
                        id: 5,
                        symbol: "A",
                        span: Span {
                            start: 17,
                            end: 18,
                        },
                    },
                    end: Span {
                        start: 18,
                        end: 19,
                    },
                    statements: [
                        Statement {
                            id: 13,
                            kind: Constant(
                                ConstantStatement {
                                    id: 12,
                                    span: Span {
                                        start: 21,
                                        end: 35,
                                    },
                                    comments: CommentGroup {
                                        id: 7,
                                        comments: [],
                                    },
                                    const: Span {
                                        start: 21,
                                        end: 26,
                                    },
                                    entries: [
                                        ConstantEntry {
                                            id: 11,
                                            span: Span {
                                                start: 27,
                                                end: 34,
                                            },
                                            name: Name {
                                                id: 8,
                                                kind: Resolved(
                                                    ResolvedName {
                                                        id: 8,
                                                        span: Span {
                                                            start: 27,
                                                            end: 30,
                                                        },
                                                        resolved: "A\FOO",
                                                        original: "FOO",
                                                    },
                                                ),
                                                span: Span {
                                                    start: 27,
                                                    end: 30,
                                                },
                                            },
                                            equals: Span {
                                                start: 31,
                                                end: 32,
                                            },
                                            value: Expression {
                                                id: 9,
                                                kind: Literal(
                                                    Literal {
                                                        id: 10,
                                                        span: Span {
                                                            start: 33,
                                                            end: 34,
                                                        },
                                                        kind: Integer,
                                                        token: OwnedToken {
                                                            kind: LiteralInteger,
                                                            span: Span {
                                                                start: 33,
                                                                end: 34,
                                                            },
                                                            symbol: "1",
                                                        },
                                                    },
                                                ),
                                                span: Span {
                                                    start: 33,
                                                    end: 34,
                                                },
                                                comments: CommentGroup {
                                                    id: 0,
                                                    comments: [],
                                                },
                                            },
                                        },
                                    ],
                                    semicolon: Span {
                                        start: 34,
                                        end: 35,
                                    },
                                },
                            ),
                            span: Span {
                                start: 21,
                                end: 35,
                            },
                            comments: CommentGroup {
                                id: 6,
                                comments: [],
                            },
                        },
                    ],
                },
            ),
        ),
        span: Span {
            start: 7,
            end: 35,
        },
        comments: CommentGroup {
            id: 4,
            comments: [],
        },
    },
]
---
