[
    Statement {
        id: 10,
        kind: FullOpeningTag(
            FullOpeningTagStatement {
                id: 9,
                span: Span {
                    start: 0,
                    end: 5,
                },
            },
        ),
        span: Span {
            start: 0,
            end: 5,
        },
        comments: CommentGroup {
            id: 1,
            comments: [],
        },
    },
    Statement {
        id: 20,
        kind: Expression(
            ExpressionStatement {
                id: 19,
                span: Span {
                    start: 60,
                    end: 63,
                },
                expression: Expression {
                    id: 18,
                    kind: AssignmentOperation(
                        AssignmentOperationExpression {
                            id: 16,
                            span: Span {
                                start: 51,
                                end: 62,
                            },
                            kind: Assign {
                                id: 17,
                                left: Expression {
                                    id: 12,
                                    kind: Variable(
                                        SimpleVariable(
                                            SimpleVariable {
                                                id: 13,
                                                symbol: "$items",
                                                stripped: "items",
                                                span: Span {
                                                    start: 51,
                                                    end: 57,
                                                },
                                            },
                                        ),
                                    ),
                                    span: Span {
                                        start: 51,
                                        end: 57,
                                    },
                                    comments: CommentGroup {
                                        id: 0,
                                        comments: [],
                                    },
                                },
                                equals: Span {
                                    start: 58,
                                    end: 59,
                                },
                                right: Expression {
                                    id: 15,
                                    kind: ShortArray(
                                        ShortArrayExpression {
                                            id: 14,
                                            span: Span {
                                                start: 60,
                                                end: 62,
                                            },
                                            start: Span {
                                                start: 60,
                                                end: 61,
                                            },
                                            items: CommaSeparated {
                                                inner: [],
                                                commas: [],
                                            },
                                            end: Span {
                                                start: 61,
                                                end: 62,
                                            },
                                        },
                                    ),
                                    span: Span {
                                        start: 60,
                                        end: 62,
                                    },
                                    comments: CommentGroup {
                                        id: 0,
                                        comments: [],
                                    },
                                },
                            },
                        },
                    ),
                    span: Span {
                        start: 60,
                        end: 62,
                    },
                    comments: CommentGroup {
                        id: 0,
                        comments: [],
                    },
                },
                ending: Semicolon(
                    Span {
                        start: 62,
                        end: 63,
                    },
                ),
            },
        ),
        span: Span {
            start: 60,
            end: 63,
        },
        comments: CommentGroup {
            id: 11,
            comments: [
                Comment {
                    id: 2,
                    span: Span {
                        start: 7,
                        end: 50,
                    },
                    kind: DocBlock(
                        DocBlockComment {
                            id: 7,
                            span: Span {
                                start: 7,
                                end: 50,
                            },
                            doc: DocBlock {
                                id: 8,
                                span: Span {
                                    start: 7,
                                    end: 50,
                                },
                                nodes: [
                                    Tag(
                                        DocBlockTagNode {
                                            id: 6,
                                            span: Span {
                                                start: 11,
                                                end: 0,
                                            },
                                            tag: Var(
                                                DocBlockVarTag {
                                                    id: 5,
                                                    span: Span {
                                                        start: 11,
                                                        end: 0,
                                                    },
                                                    tag: OwnedToken {
                                                        kind: PhpDocTag,
                                                        span: Span {
                                                            start: 11,
                                                            end: 15,
                                                        },
                                                        symbol: "@var",
                                                    },
                                                    data_type: Some(
                                                        DataType {
                                                            id: 4,
                                                            kind: Shaped {
                                                                base: Array,
                                                                items: [
                                                                    ShapeItem {
                                                                        key_name: None,
                                                                        value_type: String,
                                                                        optional: false,
                                                                    },
                                                                    ShapeItem {
                                                                        key_name: None,
                                                                        value_type: Integer,
                                                                        optional: false,
                                                                    },
                                                                ],
                                                                sealed: false,
                                                                unsealed_type: Some(
                                                                    ShapeUnsealedType {
                                                                        key_type: None,
                                                                        value_type: String,
                                                                    },
                                                                ),
                                                            },
                                                            span: Span {
                                                                start: 0,
                                                                end: 0,
                                                            },
                                                        },
                                                    ),
                                                    variable: None,
                                                    text: None,
                                                },
                                            ),
                                        },
                                    ),
                                ],
                            },
                        },
                    ),
                },
            ],
        },
    },
]
---
