[
    Statement {
        id: 3,
        kind: FullOpeningTag(
            FullOpeningTagStatement {
                id: 2,
                span: Span {
                    start: 0,
                    end: 5,
                },
            },
        ),
        span: Span {
            start: 0,
            end: 5,
        },
        comments: CommentGroup {
            id: 1,
            comments: [],
        },
    },
    Statement {
        id: 10,
        kind: Use(
            UseStatement {
                id: 9,
                span: Span {
                    start: 7,
                    end: 26,
                },
                kind: Normal,
                uses: [
                    Use {
                        id: 8,
                        span: Span {
                            start: 11,
                            end: 26,
                        },
                        name: Name {
                            id: 6,
                            kind: Resolved(
                                ResolvedName {
                                    id: 6,
                                    span: Span {
                                        start: 11,
                                        end: 18,
                                    },
                                    resolved: "Foo\Bar",
                                    original: "Foo\Bar",
                                },
                            ),
                            span: Span {
                                start: 11,
                                end: 18,
                            },
                        },
                        alias: Some(
                            SimpleIdentifier {
                                id: 7,
                                symbol: "Enum",
                                span: Span {
                                    start: 22,
                                    end: 26,
                                },
                            },
                        ),
                        kind: Normal,
                    },
                ],
            },
        ),
        span: Span {
            start: 7,
            end: 26,
        },
        comments: CommentGroup {
            id: 4,
            comments: [],
        },
    },
    Statement {
        id: 20,
        kind: Expression(
            ExpressionStatement {
                id: 19,
                span: Span {
                    start: 33,
                    end: 41,
                },
                expression: Expression {
                    id: 18,
                    kind: StaticMethodCall(
                        StaticMethodCallExpression {
                            id: 17,
                            span: Span {
                                start: 29,
                                end: 40,
                            },
                            target: Expression {
                                id: 13,
                                kind: Name(
                                    Name {
                                        id: 12,
                                        kind: Resolved(
                                            ResolvedName {
                                                id: 12,
                                                span: Span {
                                                    start: 29,
                                                    end: 33,
                                                },
                                                resolved: "Foo\Bar",
                                                original: "Enum",
                                            },
                                        ),
                                        span: Span {
                                            start: 29,
                                            end: 33,
                                        },
                                    },
                                ),
                                span: Span {
                                    start: 29,
                                    end: 33,
                                },
                                comments: CommentGroup {
                                    id: 0,
                                    comments: [],
                                },
                            },
                            double_colon: Span {
                                start: 33,
                                end: 35,
                            },
                            method: SimpleIdentifier(
                                SimpleIdentifier {
                                    id: 14,
                                    symbol: "foo",
                                    span: Span {
                                        start: 35,
                                        end: 38,
                                    },
                                },
                            ),
                            arguments: ArgumentList {
                                id: 16,
                                span: Span {
                                    start: 38,
                                    end: 40,
                                },
                                comments: CommentGroup {
                                    id: 15,
                                    comments: [],
                                },
                                left_parenthesis: Span {
                                    start: 38,
                                    end: 39,
                                },
                                arguments: [],
                                right_parenthesis: Span {
                                    start: 39,
                                    end: 40,
                                },
                            },
                        },
                    ),
                    span: Span {
                        start: 33,
                        end: 40,
                    },
                    comments: CommentGroup {
                        id: 0,
                        comments: [],
                    },
                },
                ending: Semicolon(
                    Span {
                        start: 40,
                        end: 41,
                    },
                ),
            },
        ),
        span: Span {
            start: 33,
            end: 41,
        },
        comments: CommentGroup {
            id: 11,
            comments: [],
        },
    },
]
---
