[
    Statement {
        id: 3,
        kind: FullOpeningTag(
            FullOpeningTagStatement {
                id: 2,
                span: Span {
                    start: 0,
                    end: 5,
                },
            },
        ),
        span: Span {
            start: 0,
            end: 5,
        },
        comments: CommentGroup {
            id: 1,
            comments: [],
        },
    },
    Statement {
        id: 34,
        kind: Function(
            FunctionStatement {
                id: 33,
                span: Span {
                    start: 7,
                    end: 67,
                },
                comments: CommentGroup {
                    id: 5,
                    comments: [],
                },
                attributes: [],
                function: Span {
                    start: 7,
                    end: 15,
                },
                ampersand: None,
                name: Name {
                    id: 6,
                    kind: Resolved(
                        ResolvedName {
                            id: 6,
                            span: Span {
                                start: 16,
                                end: 17,
                            },
                            resolved: "a",
                            original: "a",
                        },
                    ),
                    span: Span {
                        start: 16,
                        end: 17,
                    },
                },
                parameters: FunctionParameterList {
                    id: 30,
                    span: Span {
                        start: 17,
                        end: 62,
                    },
                    comments: CommentGroup {
                        id: 7,
                        comments: [],
                    },
                    left_parenthesis: Span {
                        start: 17,
                        end: 18,
                    },
                    parameters: CommaSeparated {
                        inner: [
                            FunctionParameter {
                                id: 11,
                                span: Span {
                                    start: 0,
                                    end: 24,
                                },
                                comments: CommentGroup {
                                    id: 12,
                                    comments: [],
                                },
                                name: SimpleVariable {
                                    id: 10,
                                    symbol: "$a",
                                    stripped: "a",
                                    span: Span {
                                        start: 22,
                                        end: 24,
                                    },
                                },
                                attributes: [],
                                data_type: Some(
                                    DataType {
                                        id: 9,
                                        kind: Named(
                                            Name {
                                                id: 8,
                                                kind: Resolved(
                                                    ResolvedName {
                                                        id: 8,
                                                        span: Span {
                                                            start: 18,
                                                            end: 21,
                                                        },
                                                        resolved: "Foo",
                                                        original: "Foo",
                                                    },
                                                ),
                                                span: Span {
                                                    start: 18,
                                                    end: 21,
                                                },
                                            },
                                        ),
                                        span: Span {
                                            start: 0,
                                            end: 0,
                                        },
                                    },
                                ),
                                ellipsis: None,
                                default: None,
                                ampersand: None,
                            },
                            FunctionParameter {
                                id: 17,
                                span: Span {
                                    start: 0,
                                    end: 38,
                                },
                                comments: CommentGroup {
                                    id: 18,
                                    comments: [],
                                },
                                name: SimpleVariable {
                                    id: 16,
                                    symbol: "$b",
                                    stripped: "b",
                                    span: Span {
                                        start: 36,
                                        end: 38,
                                    },
                                },
                                attributes: [],
                                data_type: Some(
                                    DataType {
                                        id: 15,
                                        kind: Union(
                                            [
                                                Named(
                                                    Name {
                                                        id: 13,
                                                        kind: Resolved(
                                                            ResolvedName {
                                                                id: 13,
                                                                span: Span {
                                                                    start: 26,
                                                                    end: 29,
                                                                },
                                                                resolved: "Foo",
                                                                original: "Foo",
                                                            },
                                                        ),
                                                        span: Span {
                                                            start: 26,
                                                            end: 29,
                                                        },
                                                    },
                                                ),
                                                Named(
                                                    Name {
                                                        id: 14,
                                                        kind: Resolved(
                                                            ResolvedName {
                                                                id: 14,
                                                                span: Span {
                                                                    start: 32,
                                                                    end: 35,
                                                                },
                                                                resolved: "Bar",
                                                                original: "Bar",
                                                            },
                                                        ),
                                                        span: Span {
                                                            start: 32,
                                                            end: 35,
                                                        },
                                                    },
                                                ),
                                            ],
                                        ),
                                        span: Span {
                                            start: 0,
                                            end: 0,
                                        },
                                    },
                                ),
                                ellipsis: None,
                                default: None,
                                ampersand: None,
                            },
                            FunctionParameter {
                                id: 23,
                                span: Span {
                                    start: 0,
                                    end: 52,
                                },
                                comments: CommentGroup {
                                    id: 24,
                                    comments: [],
                                },
                                name: SimpleVariable {
                                    id: 22,
                                    symbol: "$c",
                                    stripped: "c",
                                    span: Span {
                                        start: 50,
                                        end: 52,
                                    },
                                },
                                attributes: [],
                                data_type: Some(
                                    DataType {
                                        id: 21,
                                        kind: Intersection(
                                            [
                                                Named(
                                                    Name {
                                                        id: 19,
                                                        kind: Resolved(
                                                            ResolvedName {
                                                                id: 19,
                                                                span: Span {
                                                                    start: 40,
                                                                    end: 43,
                                                                },
                                                                resolved: "Foo",
                                                                original: "Foo",
                                                            },
                                                        ),
                                                        span: Span {
                                                            start: 40,
                                                            end: 43,
                                                        },
                                                    },
                                                ),
                                                Named(
                                                    Name {
                                                        id: 20,
                                                        kind: Resolved(
                                                            ResolvedName {
                                                                id: 20,
                                                                span: Span {
                                                                    start: 46,
                                                                    end: 49,
                                                                },
                                                                resolved: "Bar",
                                                                original: "Bar",
                                                            },
                                                        ),
                                                        span: Span {
                                                            start: 46,
                                                            end: 49,
                                                        },
                                                    },
                                                ),
                                            ],
                                        ),
                                        span: Span {
                                            start: 0,
                                            end: 0,
                                        },
                                    },
                                ),
                                ellipsis: None,
                                default: None,
                                ampersand: None,
                            },
                            FunctionParameter {
                                id: 28,
                                span: Span {
                                    start: 0,
                                    end: 61,
                                },
                                comments: CommentGroup {
                                    id: 29,
                                    comments: [],
                                },
                                name: SimpleVariable {
                                    id: 27,
                                    symbol: "$d",
                                    stripped: "d",
                                    span: Span {
                                        start: 59,
                                        end: 61,
                                    },
                                },
                                attributes: [],
                                data_type: Some(
                                    DataType {
                                        id: 26,
                                        kind: Nullable(
                                            Named(
                                                Name {
                                                    id: 25,
                                                    kind: Resolved(
                                                        ResolvedName {
                                                            id: 25,
                                                            span: Span {
                                                                start: 55,
                                                                end: 58,
                                                            },
                                                            resolved: "Foo",
                                                            original: "Foo",
                                                        },
                                                    ),
                                                    span: Span {
                                                        start: 55,
                                                        end: 58,
                                                    },
                                                },
                                            ),
                                        ),
                                        span: Span {
                                            start: 0,
                                            end: 0,
                                        },
                                    },
                                ),
                                ellipsis: None,
                                default: None,
                                ampersand: None,
                            },
                        ],
                        commas: [
                            Span {
                                start: 24,
                                end: 25,
                            },
                            Span {
                                start: 38,
                                end: 39,
                            },
                            Span {
                                start: 52,
                                end: 53,
                            },
                        ],
                    },
                    right_parenthesis: Span {
                        start: 61,
                        end: 62,
                    },
                },
                return_type: None,
                body: FunctionBody {
                    id: 32,
                    span: Span {
                        start: 63,
                        end: 67,
                    },
                    comments: CommentGroup {
                        id: 31,
                        comments: [],
                    },
                    left_brace: Span {
                        start: 63,
                        end: 64,
                    },
                    statements: [],
                    right_brace: Span {
                        start: 66,
                        end: 67,
                    },
                },
            },
        ),
        span: Span {
            start: 7,
            end: 67,
        },
        comments: CommentGroup {
            id: 4,
            comments: [],
        },
    },
]
---
