[
    Statement {
        id: 3,
        kind: FullOpeningTag(
            FullOpeningTagStatement {
                id: 2,
                span: Span {
                    start: 0,
                    end: 5,
                },
            },
        ),
        span: Span {
            start: 0,
            end: 5,
        },
        comments: CommentGroup {
            id: 1,
            comments: [],
        },
    },
    Statement {
        id: 16,
        kind: GroupUse(
            GroupUseStatement {
                id: 15,
                span: Span {
                    start: 11,
                    end: 59,
                },
                prefix: SimpleIdentifier {
                    id: 5,
                    symbol: "Foo\",
                    span: Span {
                        start: 11,
                        end: 15,
                    },
                },
                kind: Normal,
                uses: [
                    Use {
                        id: 7,
                        span: Span {
                            start: 21,
                            end: 24,
                        },
                        name: Name {
                            id: 8,
                            kind: Resolved(
                                ResolvedName {
                                    id: 8,
                                    span: Span {
                                        start: 21,
                                        end: 24,
                                    },
                                    resolved: "Foo\\Bar",
                                    original: "Bar",
                                },
                            ),
                            span: Span {
                                start: 21,
                                end: 24,
                            },
                        },
                        alias: None,
                        kind: Normal,
                    },
                    Use {
                        id: 10,
                        span: Span {
                            start: 30,
                            end: 38,
                        },
                        name: Name {
                            id: 11,
                            kind: Resolved(
                                ResolvedName {
                                    id: 11,
                                    span: Span {
                                        start: 39,
                                        end: 42,
                                    },
                                    resolved: "Foo\\baz",
                                    original: "baz",
                                },
                            ),
                            span: Span {
                                start: 39,
                                end: 42,
                            },
                        },
                        alias: None,
                        kind: Function,
                    },
                    Use {
                        id: 13,
                        span: Span {
                            start: 48,
                            end: 53,
                        },
                        name: Name {
                            id: 14,
                            kind: Resolved(
                                ResolvedName {
                                    id: 14,
                                    span: Span {
                                        start: 54,
                                        end: 56,
                                    },
                                    resolved: "Foo\\PI",
                                    original: "PI",
                                },
                            ),
                            span: Span {
                                start: 54,
                                end: 56,
                            },
                        },
                        alias: None,
                        kind: Const,
                    },
                ],
            },
        ),
        span: Span {
            start: 11,
            end: 59,
        },
        comments: CommentGroup {
            id: 4,
            comments: [],
        },
    },
]
---
