[
    Statement {
        id: 3,
        kind: FullOpeningTag(
            FullOpeningTagStatement {
                id: 2,
                span: Span {
                    start: 0,
                    end: 5,
                },
            },
        ),
        span: Span {
            start: 0,
            end: 5,
        },
        comments: CommentGroup {
            id: 1,
            comments: [],
        },
    },
    Statement {
        id: 22,
        kind: Interface(
            InterfaceStatement {
                id: 21,
                span: Span {
                    start: 7,
                    end: 65,
                },
                attributes: [],
                interface: Span {
                    start: 7,
                    end: 16,
                },
                name: Name {
                    id: 5,
                    kind: Resolved(
                        ResolvedName {
                            id: 5,
                            span: Span {
                                start: 17,
                                end: 20,
                            },
                            resolved: "Foo",
                            original: "Foo",
                        },
                    ),
                    span: Span {
                        start: 17,
                        end: 20,
                    },
                },
                extends: None,
                body: InterfaceBody {
                    id: 20,
                    span: Span {
                        start: 21,
                        end: 65,
                    },
                    left_brace: Span {
                        start: 21,
                        end: 22,
                    },
                    members: [
                        Constant(
                            ClassishConstant {
                                id: 12,
                                span: Span {
                                    start: 27,
                                    end: 39,
                                },
                                comments: CommentGroup {
                                    id: 7,
                                    comments: [],
                                },
                                attributes: [],
                                modifiers: ConstantModifierGroup {
                                    id: 6,
                                    span: Span {
                                        start: 0,
                                        end: 0,
                                    },
                                    modifiers: [],
                                },
                                const: Span {
                                    start: 27,
                                    end: 32,
                                },
                                data_type: None,
                                entries: [
                                    ClassishConstantEntry {
                                        id: 11,
                                        span: Span {
                                            start: 33,
                                            end: 38,
                                        },
                                        name: SimpleIdentifier {
                                            id: 8,
                                            symbol: "A",
                                            span: Span {
                                                start: 33,
                                                end: 34,
                                            },
                                        },
                                        equals: Span {
                                            start: 35,
                                            end: 36,
                                        },
                                        value: Expression {
                                            id: 9,
                                            kind: Literal(
                                                Literal {
                                                    id: 10,
                                                    span: Span {
                                                        start: 37,
                                                        end: 38,
                                                    },
                                                    kind: Integer,
                                                    token: OwnedToken {
                                                        kind: LiteralInteger,
                                                        span: Span {
                                                            start: 37,
                                                            end: 38,
                                                        },
                                                        symbol: "1",
                                                    },
                                                },
                                            ),
                                            span: Span {
                                                start: 37,
                                                end: 38,
                                            },
                                            comments: CommentGroup {
                                                id: 0,
                                                comments: [],
                                            },
                                        },
                                    },
                                ],
                                semicolon: Span {
                                    start: 38,
                                    end: 39,
                                },
                            },
                        ),
                        Constant(
                            ClassishConstant {
                                id: 19,
                                span: Span {
                                    start: 44,
                                    end: 63,
                                },
                                comments: CommentGroup {
                                    id: 14,
                                    comments: [],
                                },
                                attributes: [],
                                modifiers: ConstantModifierGroup {
                                    id: 13,
                                    span: Span {
                                        start: 44,
                                        end: 50,
                                    },
                                    modifiers: [
                                        Public(
                                            Span {
                                                start: 44,
                                                end: 50,
                                            },
                                        ),
                                    ],
                                },
                                const: Span {
                                    start: 51,
                                    end: 56,
                                },
                                data_type: None,
                                entries: [
                                    ClassishConstantEntry {
                                        id: 18,
                                        span: Span {
                                            start: 57,
                                            end: 62,
                                        },
                                        name: SimpleIdentifier {
                                            id: 15,
                                            symbol: "B",
                                            span: Span {
                                                start: 57,
                                                end: 58,
                                            },
                                        },
                                        equals: Span {
                                            start: 59,
                                            end: 60,
                                        },
                                        value: Expression {
                                            id: 16,
                                            kind: Literal(
                                                Literal {
                                                    id: 17,
                                                    span: Span {
                                                        start: 61,
                                                        end: 62,
                                                    },
                                                    kind: Integer,
                                                    token: OwnedToken {
                                                        kind: LiteralInteger,
                                                        span: Span {
                                                            start: 61,
                                                            end: 62,
                                                        },
                                                        symbol: "2",
                                                    },
                                                },
                                            ),
                                            span: Span {
                                                start: 61,
                                                end: 62,
                                            },
                                            comments: CommentGroup {
                                                id: 0,
                                                comments: [],
                                            },
                                        },
                                    },
                                ],
                                semicolon: Span {
                                    start: 62,
                                    end: 63,
                                },
                            },
                        ),
                    ],
                    right_brace: Span {
                        start: 64,
                        end: 65,
                    },
                },
            },
        ),
        span: Span {
            start: 7,
            end: 65,
        },
        comments: CommentGroup {
            id: 4,
            comments: [],
        },
    },
]
---
