[
    Statement {
        id: 3,
        kind: FullOpeningTag(
            FullOpeningTagStatement {
                id: 2,
                span: Span {
                    start: 0,
                    end: 5,
                },
            },
        ),
        span: Span {
            start: 0,
            end: 5,
        },
        comments: CommentGroup {
            id: 1,
            comments: [],
        },
    },
    Statement {
        id: 30,
        kind: Class(
            ClassStatement {
                id: 29,
                span: Span {
                    start: 7,
                    end: 75,
                },
                attributes: [],
                modifiers: ClassModifierGroup {
                    id: 5,
                    span: Span {
                        start: 0,
                        end: 0,
                    },
                    modifiers: [],
                },
                class: Span {
                    start: 7,
                    end: 12,
                },
                name: Name {
                    id: 6,
                    kind: Resolved(
                        ResolvedName {
                            id: 6,
                            span: Span {
                                start: 13,
                                end: 14,
                            },
                            resolved: "A",
                            original: "A",
                        },
                    ),
                    span: Span {
                        start: 13,
                        end: 14,
                    },
                },
                extends: None,
                implements: None,
                body: ClassBody {
                    id: 28,
                    span: Span {
                        start: 15,
                        end: 75,
                    },
                    left_brace: Span {
                        start: 15,
                        end: 16,
                    },
                    members: [
                        Method(
                            Method {
                                id: 27,
                                span: Span {
                                    start: 51,
                                    end: 73,
                                },
                                comments: CommentGroup {
                                    id: 22,
                                    comments: [],
                                },
                                attributes: [
                                    AttributeGroup {
                                        id: 9,
                                        span: Span {
                                            start: 21,
                                            end: 25,
                                        },
                                        members: [
                                            Attribute {
                                                id: 8,
                                                span: Span {
                                                    start: 23,
                                                    end: 25,
                                                },
                                                name: Name {
                                                    id: 7,
                                                    kind: Resolved(
                                                        ResolvedName {
                                                            id: 7,
                                                            span: Span {
                                                                start: 23,
                                                                end: 24,
                                                            },
                                                            resolved: "B",
                                                            original: "B",
                                                        },
                                                    ),
                                                    span: Span {
                                                        start: 23,
                                                        end: 24,
                                                    },
                                                },
                                                arguments: None,
                                            },
                                        ],
                                    },
                                    AttributeGroup {
                                        id: 20,
                                        span: Span {
                                            start: 30,
                                            end: 46,
                                        },
                                        members: [
                                            Attribute {
                                                id: 11,
                                                span: Span {
                                                    start: 32,
                                                    end: 34,
                                                },
                                                name: Name {
                                                    id: 10,
                                                    kind: Resolved(
                                                        ResolvedName {
                                                            id: 10,
                                                            span: Span {
                                                                start: 32,
                                                                end: 33,
                                                            },
                                                            resolved: "C",
                                                            original: "C",
                                                        },
                                                    ),
                                                    span: Span {
                                                        start: 32,
                                                        end: 33,
                                                    },
                                                },
                                                arguments: None,
                                            },
                                            Attribute {
                                                id: 19,
                                                span: Span {
                                                    start: 35,
                                                    end: 46,
                                                },
                                                name: Name {
                                                    id: 12,
                                                    kind: Resolved(
                                                        ResolvedName {
                                                            id: 12,
                                                            span: Span {
                                                                start: 35,
                                                                end: 36,
                                                            },
                                                            resolved: "D",
                                                            original: "D",
                                                        },
                                                    ),
                                                    span: Span {
                                                        start: 35,
                                                        end: 36,
                                                    },
                                                },
                                                arguments: Some(
                                                    ArgumentList {
                                                        id: 18,
                                                        span: Span {
                                                            start: 36,
                                                            end: 45,
                                                        },
                                                        comments: CommentGroup {
                                                            id: 13,
                                                            comments: [],
                                                        },
                                                        left_parenthesis: Span {
                                                            start: 36,
                                                            end: 37,
                                                        },
                                                        arguments: [
                                                            Positional(
                                                                PositionalArgument {
                                                                    id: 16,
                                                                    span: Span {
                                                                        start: 38,
                                                                        end: 43,
                                                                    },
                                                                    comments: CommentGroup {
                                                                        id: 17,
                                                                        comments: [],
                                                                    },
                                                                    ellipsis: None,
                                                                    value: Expression {
                                                                        id: 14,
                                                                        kind: Literal(
                                                                            Literal {
                                                                                id: 15,
                                                                                span: Span {
                                                                                    start: 38,
                                                                                    end: 43,
                                                                                },
                                                                                kind: String,
                                                                                token: OwnedToken {
                                                                                    kind: LiteralDoubleQuotedString,
                                                                                    span: Span {
                                                                                        start: 38,
                                                                                        end: 43,
                                                                                    },
                                                                                    symbol: "hello",
                                                                                },
                                                                            },
                                                                        ),
                                                                        span: Span {
                                                                            start: 38,
                                                                            end: 43,
                                                                        },
                                                                        comments: CommentGroup {
                                                                            id: 0,
                                                                            comments: [],
                                                                        },
                                                                    },
                                                                },
                                                            ),
                                                        ],
                                                        right_parenthesis: Span {
                                                            start: 44,
                                                            end: 45,
                                                        },
                                                    },
                                                ),
                                            },
                                        ],
                                    },
                                ],
                                modifiers: MethodModifierGroup {
                                    id: 21,
                                    span: Span {
                                        start: 51,
                                        end: 57,
                                    },
                                    modifiers: [
                                        Public(
                                            Span {
                                                start: 51,
                                                end: 57,
                                            },
                                        ),
                                    ],
                                },
                                function: Span {
                                    start: 58,
                                    end: 66,
                                },
                                ampersand: None,
                                name: SimpleIdentifier {
                                    id: 23,
                                    symbol: "a",
                                    span: Span {
                                        start: 67,
                                        end: 68,
                                    },
                                },
                                parameters: MethodParameterList {
                                    id: 24,
                                    span: Span {
                                        start: 68,
                                        end: 70,
                                    },
                                    left_parenthesis: Span {
                                        start: 68,
                                        end: 69,
                                    },
                                    parameters: CommaSeparated {
                                        inner: [],
                                        commas: [],
                                    },
                                    right_parenthesis: Span {
                                        start: 69,
                                        end: 70,
                                    },
                                },
                                return_type: None,
                                body: MethodBody {
                                    id: 26,
                                    span: Span {
                                        start: 71,
                                        end: 73,
                                    },
                                    kind: Concrete(
                                        ConcreteMethodBody {
                                            id: 25,
                                            span: Span {
                                                start: 71,
                                                end: 73,
                                            },
                                            left_brace: Span {
                                                start: 71,
                                                end: 72,
                                            },
                                            statements: [],
                                            right_brace: Span {
                                                start: 72,
                                                end: 73,
                                            },
                                        },
                                    ),
                                },
                            },
                        ),
                    ],
                    right_brace: Span {
                        start: 74,
                        end: 75,
                    },
                },
            },
        ),
        span: Span {
            start: 7,
            end: 75,
        },
        comments: CommentGroup {
            id: 4,
            comments: [],
        },
    },
]
---
