[
    Statement {
        id: 3,
        kind: FullOpeningTag(
            FullOpeningTagStatement {
                id: 2,
                span: Span {
                    start: 0,
                    end: 5,
                },
            },
        ),
        span: Span {
            start: 0,
            end: 5,
        },
        comments: CommentGroup {
            id: 1,
            comments: [],
        },
    },
    Statement {
        id: 16,
        kind: Class(
            ClassStatement {
                id: 15,
                span: Span {
                    start: 7,
                    end: 52,
                },
                attributes: [],
                modifiers: ClassModifierGroup {
                    id: 5,
                    span: Span {
                        start: 0,
                        end: 0,
                    },
                    modifiers: [],
                },
                class: Span {
                    start: 7,
                    end: 12,
                },
                name: Name {
                    id: 6,
                    kind: Resolved(
                        ResolvedName {
                            id: 6,
                            span: Span {
                                start: 13,
                                end: 14,
                            },
                            resolved: "A",
                            original: "A",
                        },
                    ),
                    span: Span {
                        start: 13,
                        end: 14,
                    },
                },
                extends: None,
                implements: None,
                body: ClassBody {
                    id: 14,
                    span: Span {
                        start: 15,
                        end: 52,
                    },
                    left_brace: Span {
                        start: 15,
                        end: 16,
                    },
                    members: [
                        Method(
                            Method {
                                id: 13,
                                span: Span {
                                    start: 21,
                                    end: 50,
                                },
                                comments: CommentGroup {
                                    id: 8,
                                    comments: [],
                                },
                                attributes: [],
                                modifiers: MethodModifierGroup {
                                    id: 7,
                                    span: Span {
                                        start: 21,
                                        end: 34,
                                    },
                                    modifiers: [
                                        Public(
                                            Span {
                                                start: 21,
                                                end: 27,
                                            },
                                        ),
                                        Static(
                                            Span {
                                                start: 28,
                                                end: 34,
                                            },
                                        ),
                                    ],
                                },
                                function: Span {
                                    start: 35,
                                    end: 43,
                                },
                                ampersand: None,
                                name: SimpleIdentifier {
                                    id: 9,
                                    symbol: "a",
                                    span: Span {
                                        start: 44,
                                        end: 45,
                                    },
                                },
                                parameters: MethodParameterList {
                                    id: 10,
                                    span: Span {
                                        start: 45,
                                        end: 47,
                                    },
                                    left_parenthesis: Span {
                                        start: 45,
                                        end: 46,
                                    },
                                    parameters: CommaSeparated {
                                        inner: [],
                                        commas: [],
                                    },
                                    right_parenthesis: Span {
                                        start: 46,
                                        end: 47,
                                    },
                                },
                                return_type: None,
                                body: MethodBody {
                                    id: 12,
                                    span: Span {
                                        start: 48,
                                        end: 50,
                                    },
                                    kind: Concrete(
                                        ConcreteMethodBody {
                                            id: 11,
                                            span: Span {
                                                start: 48,
                                                end: 50,
                                            },
                                            left_brace: Span {
                                                start: 48,
                                                end: 49,
                                            },
                                            statements: [],
                                            right_brace: Span {
                                                start: 49,
                                                end: 50,
                                            },
                                        },
                                    ),
                                },
                            },
                        ),
                    ],
                    right_brace: Span {
                        start: 51,
                        end: 52,
                    },
                },
            },
        ),
        span: Span {
            start: 7,
            end: 52,
        },
        comments: CommentGroup {
            id: 4,
            comments: [],
        },
    },
]
---
