[
    Statement {
        id: 3,
        kind: FullOpeningTag(
            FullOpeningTagStatement {
                id: 2,
                span: Span {
                    start: 0,
                    end: 5,
                },
            },
        ),
        span: Span {
            start: 0,
            end: 5,
        },
        comments: CommentGroup {
            id: 1,
            comments: [],
        },
    },
    Statement {
        id: 22,
        kind: Class(
            ClassStatement {
                id: 21,
                span: Span {
                    start: 7,
                    end: 58,
                },
                attributes: [],
                modifiers: ClassModifierGroup {
                    id: 5,
                    span: Span {
                        start: 0,
                        end: 0,
                    },
                    modifiers: [],
                },
                class: Span {
                    start: 7,
                    end: 12,
                },
                name: Name {
                    id: 6,
                    kind: Resolved(
                        ResolvedName {
                            id: 6,
                            span: Span {
                                start: 13,
                                end: 14,
                            },
                            resolved: "A",
                            original: "A",
                        },
                    ),
                    span: Span {
                        start: 13,
                        end: 14,
                    },
                },
                extends: None,
                implements: None,
                body: ClassBody {
                    id: 20,
                    span: Span {
                        start: 15,
                        end: 58,
                    },
                    left_brace: Span {
                        start: 15,
                        end: 16,
                    },
                    members: [
                        Method(
                            Method {
                                id: 19,
                                span: Span {
                                    start: 0,
                                    end: 0,
                                },
                                comments: CommentGroup {
                                    id: 8,
                                    comments: [],
                                },
                                attributes: [],
                                modifiers: MethodModifierGroup {
                                    id: 7,
                                    span: Span {
                                        start: 0,
                                        end: 0,
                                    },
                                    modifiers: [],
                                },
                                function: Span {
                                    start: 21,
                                    end: 29,
                                },
                                ampersand: None,
                                name: SimpleIdentifier {
                                    id: 9,
                                    symbol: "a",
                                    span: Span {
                                        start: 30,
                                        end: 31,
                                    },
                                },
                                parameters: MethodParameterList {
                                    id: 16,
                                    span: Span {
                                        start: 31,
                                        end: 39,
                                    },
                                    left_parenthesis: Span {
                                        start: 31,
                                        end: 32,
                                    },
                                    parameters: CommaSeparated {
                                        inner: [
                                            MethodParameter {
                                                id: 12,
                                                span: Span {
                                                    start: 32,
                                                    end: 34,
                                                },
                                                modifiers: None,
                                                name: SimpleVariable {
                                                    id: 11,
                                                    symbol: "$a",
                                                    stripped: "a",
                                                    span: Span {
                                                        start: 32,
                                                        end: 34,
                                                    },
                                                },
                                                attributes: [],
                                                data_type: None,
                                                ellipsis: None,
                                                default: None,
                                                ampersand: None,
                                            },
                                            MethodParameter {
                                                id: 15,
                                                span: Span {
                                                    start: 36,
                                                    end: 38,
                                                },
                                                modifiers: None,
                                                name: SimpleVariable {
                                                    id: 14,
                                                    symbol: "$b",
                                                    stripped: "b",
                                                    span: Span {
                                                        start: 36,
                                                        end: 38,
                                                    },
                                                },
                                                attributes: [],
                                                data_type: None,
                                                ellipsis: None,
                                                default: None,
                                                ampersand: None,
                                            },
                                        ],
                                        commas: [
                                            Span {
                                                start: 34,
                                                end: 35,
                                            },
                                        ],
                                    },
                                    right_parenthesis: Span {
                                        start: 38,
                                        end: 39,
                                    },
                                },
                                return_type: None,
                                body: MethodBody {
                                    id: 18,
                                    span: Span {
                                        start: 0,
                                        end: 0,
                                    },
                                    kind: Concrete(
                                        ConcreteMethodBody {
                                            id: 17,
                                            span: Span {
                                                start: 40,
                                                end: 56,
                                            },
                                            left_brace: Span {
                                                start: 40,
                                                end: 41,
                                            },
                                            statements: [],
                                            right_brace: Span {
                                                start: 55,
                                                end: 56,
                                            },
                                        },
                                    ),
                                },
                            },
                        ),
                    ],
                    right_brace: Span {
                        start: 57,
                        end: 58,
                    },
                },
            },
        ),
        span: Span {
            start: 7,
            end: 58,
        },
        comments: CommentGroup {
            id: 4,
            comments: [],
        },
    },
]
---
