[
    Statement {
        id: 3,
        kind: FullOpeningTag(
            FullOpeningTagStatement {
                id: 2,
                span: Span {
                    start: 0,
                    end: 5,
                },
            },
        ),
        span: Span {
            start: 0,
            end: 5,
        },
        comments: CommentGroup {
            id: 1,
            comments: [],
        },
    },
    Statement {
        id: 25,
        kind: Class(
            ClassStatement {
                id: 24,
                span: Span {
                    start: 7,
                    end: 63,
                },
                attributes: [],
                modifiers: ClassModifierGroup {
                    id: 5,
                    span: Span {
                        start: 0,
                        end: 0,
                    },
                    modifiers: [],
                },
                class: Span {
                    start: 7,
                    end: 12,
                },
                name: Name {
                    id: 6,
                    kind: Resolved(
                        ResolvedName {
                            id: 6,
                            span: Span {
                                start: 13,
                                end: 14,
                            },
                            resolved: "A",
                            original: "A",
                        },
                    ),
                    span: Span {
                        start: 13,
                        end: 14,
                    },
                },
                extends: None,
                implements: None,
                body: ClassBody {
                    id: 23,
                    span: Span {
                        start: 15,
                        end: 63,
                    },
                    left_brace: Span {
                        start: 15,
                        end: 16,
                    },
                    members: [
                        Method(
                            Method {
                                id: 22,
                                span: Span {
                                    start: 0,
                                    end: 0,
                                },
                                comments: CommentGroup {
                                    id: 8,
                                    comments: [],
                                },
                                attributes: [],
                                modifiers: MethodModifierGroup {
                                    id: 7,
                                    span: Span {
                                        start: 0,
                                        end: 0,
                                    },
                                    modifiers: [],
                                },
                                function: Span {
                                    start: 21,
                                    end: 29,
                                },
                                ampersand: None,
                                name: SimpleIdentifier {
                                    id: 9,
                                    symbol: "a",
                                    span: Span {
                                        start: 30,
                                        end: 31,
                                    },
                                },
                                parameters: MethodParameterList {
                                    id: 10,
                                    span: Span {
                                        start: 31,
                                        end: 33,
                                    },
                                    left_parenthesis: Span {
                                        start: 31,
                                        end: 32,
                                    },
                                    parameters: CommaSeparated {
                                        inner: [],
                                        commas: [],
                                    },
                                    right_parenthesis: Span {
                                        start: 32,
                                        end: 33,
                                    },
                                },
                                return_type: None,
                                body: MethodBody {
                                    id: 21,
                                    span: Span {
                                        start: 0,
                                        end: 0,
                                    },
                                    kind: Concrete(
                                        ConcreteMethodBody {
                                            id: 20,
                                            span: Span {
                                                start: 34,
                                                end: 61,
                                            },
                                            left_brace: Span {
                                                start: 34,
                                                end: 35,
                                            },
                                            statements: [
                                                Statement {
                                                    id: 19,
                                                    kind: Expression(
                                                        ExpressionStatement {
                                                            id: 18,
                                                            span: Span {
                                                                start: 44,
                                                                end: 55,
                                                            },
                                                            expression: Expression {
                                                                id: 16,
                                                                kind: New(
                                                                    NewExpression {
                                                                        id: 17,
                                                                        span: Span {
                                                                            start: 44,
                                                                            end: 54,
                                                                        },
                                                                        new: Span {
                                                                            start: 44,
                                                                            end: 47,
                                                                        },
                                                                        target: Expression {
                                                                            id: 12,
                                                                            kind: Name(
                                                                                Name {
                                                                                    id: 13,
                                                                                    kind: Special(
                                                                                        SpecialName {
                                                                                            id: 13,
                                                                                            span: Span {
                                                                                                start: 48,
                                                                                                end: 52,
                                                                                            },
                                                                                            kind: Self_(
                                                                                                Span {
                                                                                                    start: 48,
                                                                                                    end: 52,
                                                                                                },
                                                                                            ),
                                                                                            symbol: "self",
                                                                                        },
                                                                                    ),
                                                                                    span: Span {
                                                                                        start: 48,
                                                                                        end: 52,
                                                                                    },
                                                                                },
                                                                            ),
                                                                            span: Span {
                                                                                start: 48,
                                                                                end: 52,
                                                                            },
                                                                            comments: CommentGroup {
                                                                                id: 0,
                                                                                comments: [],
                                                                            },
                                                                        },
                                                                        arguments: Some(
                                                                            ArgumentList {
                                                                                id: 15,
                                                                                span: Span {
                                                                                    start: 52,
                                                                                    end: 54,
                                                                                },
                                                                                comments: CommentGroup {
                                                                                    id: 14,
                                                                                    comments: [],
                                                                                },
                                                                                left_parenthesis: Span {
                                                                                    start: 52,
                                                                                    end: 53,
                                                                                },
                                                                                arguments: [],
                                                                                right_parenthesis: Span {
                                                                                    start: 53,
                                                                                    end: 54,
                                                                                },
                                                                            },
                                                                        ),
                                                                    },
                                                                ),
                                                                span: Span {
                                                                    start: 44,
                                                                    end: 54,
                                                                },
                                                                comments: CommentGroup {
                                                                    id: 0,
                                                                    comments: [],
                                                                },
                                                            },
                                                            ending: Semicolon(
                                                                Span {
                                                                    start: 54,
                                                                    end: 55,
                                                                },
                                                            ),
                                                        },
                                                    ),
                                                    span: Span {
                                                        start: 44,
                                                        end: 55,
                                                    },
                                                    comments: CommentGroup {
                                                        id: 11,
                                                        comments: [],
                                                    },
                                                },
                                            ],
                                            right_brace: Span {
                                                start: 60,
                                                end: 61,
                                            },
                                        },
                                    ),
                                },
                            },
                        ),
                    ],
                    right_brace: Span {
                        start: 62,
                        end: 63,
                    },
                },
            },
        ),
        span: Span {
            start: 7,
            end: 63,
        },
        comments: CommentGroup {
            id: 4,
            comments: [],
        },
    },
]
---
