[
    Statement {
        id: 3,
        kind: FullOpeningTag(
            FullOpeningTagStatement {
                id: 2,
                span: Span {
                    start: 0,
                    end: 5,
                },
            },
        ),
        span: Span {
            start: 0,
            end: 5,
        },
        comments: CommentGroup {
            id: 1,
            comments: [],
        },
    },
    Statement {
        id: 9,
        kind: Use(
            UseStatement {
                id: 8,
                span: Span {
                    start: 7,
                    end: 18,
                },
                kind: Normal,
                uses: [
                    Use {
                        id: 7,
                        span: Span {
                            start: 11,
                            end: 18,
                        },
                        name: Name {
                            id: 6,
                            kind: Resolved(
                                ResolvedName {
                                    id: 6,
                                    span: Span {
                                        start: 11,
                                        end: 18,
                                    },
                                    resolved: "Foo\Bar",
                                    original: "Foo\Bar",
                                },
                            ),
                            span: Span {
                                start: 11,
                                end: 18,
                            },
                        },
                        alias: None,
                        kind: Normal,
                    },
                ],
            },
        ),
        span: Span {
            start: 7,
            end: 18,
        },
        comments: CommentGroup {
            id: 4,
            comments: [],
        },
    },
    Statement {
        id: 18,
        kind: Expression(
            ExpressionStatement {
                id: 17,
                span: Span {
                    start: 21,
                    end: 35,
                },
                expression: Expression {
                    id: 15,
                    kind: New(
                        NewExpression {
                            id: 16,
                            span: Span {
                                start: 21,
                                end: 34,
                            },
                            new: Span {
                                start: 21,
                                end: 24,
                            },
                            target: Expression {
                                id: 12,
                                kind: Name(
                                    Name {
                                        id: 11,
                                        kind: Resolved(
                                            ResolvedName {
                                                id: 11,
                                                span: Span {
                                                    start: 25,
                                                    end: 32,
                                                },
                                                resolved: "Foo\Bar\Baz",
                                                original: "Bar\Baz",
                                            },
                                        ),
                                        span: Span {
                                            start: 25,
                                            end: 32,
                                        },
                                    },
                                ),
                                span: Span {
                                    start: 25,
                                    end: 32,
                                },
                                comments: CommentGroup {
                                    id: 0,
                                    comments: [],
                                },
                            },
                            arguments: Some(
                                ArgumentList {
                                    id: 14,
                                    span: Span {
                                        start: 32,
                                        end: 34,
                                    },
                                    comments: CommentGroup {
                                        id: 13,
                                        comments: [],
                                    },
                                    left_parenthesis: Span {
                                        start: 32,
                                        end: 33,
                                    },
                                    arguments: [],
                                    right_parenthesis: Span {
                                        start: 33,
                                        end: 34,
                                    },
                                },
                            ),
                        },
                    ),
                    span: Span {
                        start: 21,
                        end: 34,
                    },
                    comments: CommentGroup {
                        id: 0,
                        comments: [],
                    },
                },
                ending: Semicolon(
                    Span {
                        start: 34,
                        end: 35,
                    },
                ),
            },
        ),
        span: Span {
            start: 21,
            end: 35,
        },
        comments: CommentGroup {
            id: 10,
            comments: [],
        },
    },
]
---
