[
    Statement {
        id: 3,
        kind: FullOpeningTag(
            FullOpeningTagStatement {
                id: 2,
                span: Span {
                    start: 0,
                    end: 5,
                },
            },
        ),
        span: Span {
            start: 0,
            end: 5,
        },
        comments: CommentGroup {
            id: 1,
            comments: [],
        },
    },
    Statement {
        id: 9,
        kind: Use(
            UseStatement {
                id: 8,
                span: Span {
                    start: 7,
                    end: 18,
                },
                kind: Normal,
                uses: [
                    Use {
                        id: 7,
                        span: Span {
                            start: 11,
                            end: 18,
                        },
                        name: Name {
                            id: 6,
                            kind: Resolved(
                                ResolvedName {
                                    id: 6,
                                    span: Span {
                                        start: 11,
                                        end: 18,
                                    },
                                    resolved: "Foo\Bar",
                                    original: "Foo\Bar",
                                },
                            ),
                            span: Span {
                                start: 11,
                                end: 18,
                            },
                        },
                        alias: None,
                        kind: Normal,
                    },
                ],
            },
        ),
        span: Span {
            start: 7,
            end: 18,
        },
        comments: CommentGroup {
            id: 4,
            comments: [],
        },
    },
    Statement {
        id: 15,
        kind: Use(
            UseStatement {
                id: 14,
                span: Span {
                    start: 20,
                    end: 40,
                },
                kind: Function,
                uses: [
                    Use {
                        id: 13,
                        span: Span {
                            start: 33,
                            end: 40,
                        },
                        name: Name {
                            id: 12,
                            kind: Resolved(
                                ResolvedName {
                                    id: 12,
                                    span: Span {
                                        start: 33,
                                        end: 40,
                                    },
                                    resolved: "App\str",
                                    original: "App\str",
                                },
                            ),
                            span: Span {
                                start: 33,
                                end: 40,
                            },
                        },
                        alias: None,
                        kind: Function,
                    },
                ],
            },
        ),
        span: Span {
            start: 20,
            end: 40,
        },
        comments: CommentGroup {
            id: 10,
            comments: [],
        },
    },
    Statement {
        id: 21,
        kind: Use(
            UseStatement {
                id: 20,
                span: Span {
                    start: 42,
                    end: 58,
                },
                kind: Const,
                uses: [
                    Use {
                        id: 19,
                        span: Span {
                            start: 52,
                            end: 58,
                        },
                        name: Name {
                            id: 18,
                            kind: Resolved(
                                ResolvedName {
                                    id: 18,
                                    span: Span {
                                        start: 52,
                                        end: 58,
                                    },
                                    resolved: "App\PI",
                                    original: "App\PI",
                                },
                            ),
                            span: Span {
                                start: 52,
                                end: 58,
                            },
                        },
                        alias: None,
                        kind: Const,
                    },
                ],
            },
        ),
        span: Span {
            start: 42,
            end: 58,
        },
        comments: CommentGroup {
            id: 16,
            comments: [],
        },
    },
]
---
