[
    Statement {
        id: 3,
        kind: FullOpeningTag(
            FullOpeningTagStatement {
                id: 2,
                span: Span {
                    start: 0,
                    end: 5,
                },
            },
        ),
        span: Span {
            start: 0,
            end: 5,
        },
        comments: CommentGroup {
            id: 1,
            comments: [],
        },
    },
    Statement {
        id: 11,
        kind: Expression(
            ExpressionStatement {
                id: 10,
                span: Span {
                    start: 7,
                    end: 11,
                },
                expression: Expression {
                    id: 9,
                    kind: ShortArray(
                        ShortArrayExpression {
                            id: 8,
                            span: Span {
                                start: 7,
                                end: 10,
                            },
                            start: Span {
                                start: 7,
                                end: 8,
                            },
                            items: CommaSeparated {
                                inner: [
                                    Value(
                                        ArrayItemValue {
                                            id: 7,
                                            span: Span {
                                                start: 8,
                                                end: 9,
                                            },
                                            value: Expression {
                                                id: 5,
                                                kind: Literal(
                                                    Literal {
                                                        id: 6,
                                                        span: Span {
                                                            start: 8,
                                                            end: 9,
                                                        },
                                                        kind: Integer,
                                                        token: OwnedToken {
                                                            kind: LiteralInteger,
                                                            span: Span {
                                                                start: 8,
                                                                end: 9,
                                                            },
                                                            symbol: "1",
                                                        },
                                                    },
                                                ),
                                                span: Span {
                                                    start: 8,
                                                    end: 9,
                                                },
                                                comments: CommentGroup {
                                                    id: 0,
                                                    comments: [],
                                                },
                                            },
                                        },
                                    ),
                                ],
                                commas: [],
                            },
                            end: Span {
                                start: 9,
                                end: 10,
                            },
                        },
                    ),
                    span: Span {
                        start: 7,
                        end: 10,
                    },
                    comments: CommentGroup {
                        id: 0,
                        comments: [],
                    },
                },
                ending: Semicolon(
                    Span {
                        start: 10,
                        end: 11,
                    },
                ),
            },
        ),
        span: Span {
            start: 7,
            end: 11,
        },
        comments: CommentGroup {
            id: 4,
            comments: [],
        },
    },
]
---
