[
    Statement {
        id: 3,
        kind: FullOpeningTag(
            FullOpeningTagStatement {
                id: 2,
                span: Span {
                    start: 0,
                    end: 5,
                },
            },
        ),
        span: Span {
            start: 0,
            end: 5,
        },
        comments: CommentGroup {
            id: 1,
            comments: [],
        },
    },
    Statement {
        id: 10,
        kind: Expression(
            ExpressionStatement {
                id: 9,
                span: Span {
                    start: 7,
                    end: 14,
                },
                expression: Expression {
                    id: 5,
                    kind: Variable(
                        BracedVariableVariable(
                            BracedVariableVariable {
                                id: 8,
                                span: Span {
                                    start: 7,
                                    end: 13,
                                },
                                start: Span {
                                    start: 7,
                                    end: 8,
                                },
                                variable: Expression {
                                    id: 6,
                                    kind: Literal(
                                        Literal {
                                            id: 7,
                                            span: Span {
                                                start: 9,
                                                end: 12,
                                            },
                                            kind: String,
                                            token: OwnedToken {
                                                kind: LiteralSingleQuotedString,
                                                span: Span {
                                                    start: 9,
                                                    end: 12,
                                                },
                                                symbol: "'a'",
                                            },
                                        },
                                    ),
                                    span: Span {
                                        start: 9,
                                        end: 12,
                                    },
                                    comments: CommentGroup {
                                        id: 0,
                                        comments: [],
                                    },
                                },
                                end: Span {
                                    start: 12,
                                    end: 13,
                                },
                            },
                        ),
                    ),
                    span: Span {
                        start: 7,
                        end: 8,
                    },
                    comments: CommentGroup {
                        id: 0,
                        comments: [],
                    },
                },
                ending: Semicolon(
                    Span {
                        start: 13,
                        end: 14,
                    },
                ),
            },
        ),
        span: Span {
            start: 7,
            end: 14,
        },
        comments: CommentGroup {
            id: 4,
            comments: [],
        },
    },
]
---
